Component: ARM Compiler 5.06 update 4 (build 422) Tool: armlink [4d35d2]

==============================================================================

Section Cross References

    main.o(i.Task1_Entry) refers to main.o(i.delay) for delay
    main.o(i.Task1_Entry) refers to main.o(.data) for flag1
    main.o(i.Task2_Entry) refers to main.o(i.delay) for delay
    main.o(i.Task2_Entry) refers to main.o(.data) for flag2
    main.o(i.main) refers to task.o(i.prvInitialiseTaskLists) for prvInitialiseTaskLists
    main.o(i.main) refers to task.o(i.xTaskCreateStatic) for xTaskCreateStatic
    main.o(i.main) refers to list.o(i.vListInsertEnd) for vListInsertEnd
    main.o(i.main) refers to task.o(i.vTaskStartScheduler) for vTaskStartScheduler
    main.o(i.main) refers to main.o(.bss) for Task1TCB
    main.o(i.main) refers to main.o(i.Task1_Entry) for Task1_Entry
    main.o(i.main) refers to main.o(.data) for Task1_Handle
    main.o(i.main) refers to task.o(.bss) for pxReadyTasksLists
    main.o(i.main) refers to main.o(i.Task2_Entry) for Task2_Entry
    port.o(.emb_text) refers to task.o(.data) for pxCurrentTCB
    port.o(.emb_text) refers to task.o(i.vTaskSwitchContext) for vTaskSwitchContext
    port.o(i.pxPortInitialiseStack) refers to port.o(i.prvTaskExitError) for prvTaskExitError
    port.o(i.vPortEnterCritical) refers to port.o(.data) for uxCriticalNesting
    port.o(i.vPortExitCritical) refers to port.o(.data) for uxCriticalNesting
    port.o(i.xPortStartScheduler) refers to port.o(.emb_text) for prvStartFirstTask
    task.o(i.prvInitialiseNewTask) refers to port.o(i.pxPortInitialiseStack) for pxPortInitialiseStack
    task.o(i.prvInitialiseTaskLists) refers to list.o(i.vListInitialise) for vListInitialise
    task.o(i.prvInitialiseTaskLists) refers to task.o(.bss) for pxReadyTasksLists
    task.o(i.vTaskStartScheduler) refers to port.o(i.xPortStartScheduler) for xPortStartScheduler
    task.o(i.vTaskStartScheduler) refers to main.o(.bss) for Task1TCB
    task.o(i.vTaskStartScheduler) refers to task.o(.data) for pxCurrentTCB
    task.o(i.vTaskSwitchContext) refers to task.o(.data) for pxCurrentTCB
    task.o(i.vTaskSwitchContext) refers to main.o(.bss) for Task1TCB
    task.o(i.xTaskCreateStatic) refers to task.o(i.prvInitialiseNewTask) for prvInitialiseNewTask
    startup_armcm3.o(RESET) refers to startup_armcm3.o(STACK) for __initial_sp
    startup_armcm3.o(RESET) refers to startup_armcm3.o(.text) for Reset_Handler
    startup_armcm3.o(RESET) refers to port.o(.emb_text) for SVC_Handler
    startup_armcm3.o(.text) refers to system_armcm3.o(i.SystemInit) for SystemInit
    startup_armcm3.o(.text) refers to entry.o(.ARM.Collect$$$$00000000) for __main
    system_armcm3.o(i.SystemCoreClockUpdate) refers to system_armcm3.o(.data) for SystemCoreClock
    system_armcm3.o(i.SystemInit) refers to startup_armcm3.o(RESET) for __Vectors
    system_armcm3.o(i.SystemInit) refers to system_armcm3.o(.data) for SystemCoreClock
    entry.o(.ARM.Collect$$$$00000000) refers (Special) to entry10a.o(.ARM.Collect$$$$0000000D) for __rt_final_cpp
    entry.o(.ARM.Collect$$$$00000000) refers (Special) to entry11a.o(.ARM.Collect$$$$0000000F) for __rt_final_exit
    entry.o(.ARM.Collect$$$$00000000) refers (Special) to entry7b.o(.ARM.Collect$$$$00000008) for _main_clock
    entry.o(.ARM.Collect$$$$00000000) refers (Special) to entry8b.o(.ARM.Collect$$$$0000000A) for _main_cpp_init
    entry.o(.ARM.Collect$$$$00000000) refers (Special) to entry9a.o(.ARM.Collect$$$$0000000B) for _main_init
    entry.o(.ARM.Collect$$$$00000000) refers (Special) to entry5.o(.ARM.Collect$$$$00000004) for _main_scatterload
    entry.o(.ARM.Collect$$$$00000000) refers (Special) to entry2.o(.ARM.Collect$$$$00000001) for _main_stk
    entry2.o(.ARM.Collect$$$$00000001) refers to entry2.o(.ARM.Collect$$$$00002712) for __lit__00000000
    entry2.o(.ARM.Collect$$$$00002712) refers to startup_armcm3.o(STACK) for __initial_sp
    entry2.o(__vectab_stack_and_reset_area) refers to startup_armcm3.o(STACK) for __initial_sp
    entry2.o(__vectab_stack_and_reset_area) refers to entry.o(.ARM.Collect$$$$00000000) for __main
    entry5.o(.ARM.Collect$$$$00000004) refers to init.o(.text) for __scatterload
    entry9a.o(.ARM.Collect$$$$0000000B) refers to main.o(i.main) for main
    entry9b.o(.ARM.Collect$$$$0000000C) refers to main.o(i.main) for main
    init.o(.text) refers to entry5.o(.ARM.Collect$$$$00000004) for __main_after_scatterload


==============================================================================

Removing Unused input sections from the image.

    Removing port.o(.rev16_text), (4 bytes).
    Removing port.o(.revsh_text), (4 bytes).
    Removing port.o(.rrx_text), (6 bytes).
    Removing port.o(i.vPortEnterCritical), (36 bytes).
    Removing port.o(i.vPortExitCritical), (32 bytes).
    Removing port.o(.data), (4 bytes).
    Removing list.o(i.uxListRemove), (40 bytes).
    Removing list.o(i.vListInitialiseItem), (6 bytes).
    Removing list.o(i.vListInsert), (52 bytes).
    Removing startup_armcm3.o(HEAP), (3072 bytes).
    Removing system_armcm3.o(.rev16_text), (4 bytes).
    Removing system_armcm3.o(.revsh_text), (4 bytes).
    Removing system_armcm3.o(.rrx_text), (6 bytes).
    Removing system_armcm3.o(i.SystemCoreClockUpdate), (16 bytes).

14 unused section(s) (total 3286 bytes) removed from the image.

==============================================================================

Image Symbol Table

    Local Symbols

    Symbol Name                              Value     Ov Type        Size  Object(Section)

    RESET                                    0x00000000   Section      192  startup_armcm3.o(RESET)
    ../clib/microlib/init/entry.s            0x00000000   Number         0  entry9b.o ABSOLUTE
    ../clib/microlib/init/entry.s            0x00000000   Number         0  entry9a.o ABSOLUTE
    ../clib/microlib/init/entry.s            0x00000000   Number         0  entry8b.o ABSOLUTE
    ../clib/microlib/init/entry.s            0x00000000   Number         0  entry8a.o ABSOLUTE
    ../clib/microlib/init/entry.s            0x00000000   Number         0  entry7b.o ABSOLUTE
    ../clib/microlib/init/entry.s            0x00000000   Number         0  entry11a.o ABSOLUTE
    ../clib/microlib/init/entry.s            0x00000000   Number         0  entry7a.o ABSOLUTE
    ../clib/microlib/init/entry.s            0x00000000   Number         0  entry5.o ABSOLUTE
    ../clib/microlib/init/entry.s            0x00000000   Number         0  entry2.o ABSOLUTE
    ../clib/microlib/init/entry.s            0x00000000   Number         0  entry.o ABSOLUTE
    ../clib/microlib/init/entry.s            0x00000000   Number         0  entry11b.o ABSOLUTE
    ../clib/microlib/init/entry.s            0x00000000   Number         0  entry10b.o ABSOLUTE
    ../clib/microlib/init/entry.s            0x00000000   Number         0  entry10a.o ABSOLUTE
    ..\User\main.c                           0x00000000   Number         0  main.o ABSOLUTE
    ..\\freertos\\portable\\RVDS\\ARM_CM3\\port.c 0x00000000   Number         0  port.o ABSOLUTE
    ..\freertos\list.c                       0x00000000   Number         0  list.o ABSOLUTE
    ..\freertos\portable\RVDS\ARM_CM3\port.c 0x00000000   Number         0  port.o ABSOLUTE
    ..\freertos\task.c                       0x00000000   Number         0  task.o ABSOLUTE
    RTE\Device\ARMCM3\startup_ARMCM3.s       0x00000000   Number         0  startup_armcm3.o ABSOLUTE
    RTE\Device\ARMCM3\system_ARMCM3.c        0x00000000   Number         0  system_armcm3.o ABSOLUTE
    RTE\\Device\\ARMCM3\\system_ARMCM3.c     0x00000000   Number         0  system_armcm3.o ABSOLUTE
    dc.s                                     0x00000000   Number         0  dc.o ABSOLUTE
    handlers.s                               0x00000000   Number         0  handlers.o ABSOLUTE
    init.s                                   0x00000000   Number         0  init.o ABSOLUTE
    .ARM.Collect$$$$00000000                 0x000000c0   Section        0  entry.o(.ARM.Collect$$$$00000000)
    .ARM.Collect$$$$00000001                 0x000000c0   Section        4  entry2.o(.ARM.Collect$$$$00000001)
    .ARM.Collect$$$$00000004                 0x000000c4   Section        4  entry5.o(.ARM.Collect$$$$00000004)
    .ARM.Collect$$$$00000008                 0x000000c8   Section        0  entry7b.o(.ARM.Collect$$$$00000008)
    .ARM.Collect$$$$0000000A                 0x000000c8   Section        0  entry8b.o(.ARM.Collect$$$$0000000A)
    .ARM.Collect$$$$0000000B                 0x000000c8   Section        8  entry9a.o(.ARM.Collect$$$$0000000B)
    .ARM.Collect$$$$0000000D                 0x000000d0   Section        0  entry10a.o(.ARM.Collect$$$$0000000D)
    .ARM.Collect$$$$0000000F                 0x000000d0   Section        0  entry11a.o(.ARM.Collect$$$$0000000F)
    .ARM.Collect$$$$00002712                 0x000000d0   Section        4  entry2.o(.ARM.Collect$$$$00002712)
    __lit__00000000                          0x000000d0   Data           4  entry2.o(.ARM.Collect$$$$00002712)
    .emb_text                                0x000000d4   Section      144  port.o(.emb_text)
    .text                                    0x00000164   Section       36  startup_armcm3.o(.text)
    .text                                    0x00000188   Section       36  init.o(.text)
    i.SystemInit                             0x000001ac   Section        0  system_armcm3.o(i.SystemInit)
    i.Task1_Entry                            0x000001cc   Section        0  main.o(i.Task1_Entry)
    i.Task2_Entry                            0x00000200   Section        0  main.o(i.Task2_Entry)
    i.__scatterload_copy                     0x00000234   Section       14  handlers.o(i.__scatterload_copy)
    i.__scatterload_null                     0x00000242   Section        2  handlers.o(i.__scatterload_null)
    i.__scatterload_zeroinit                 0x00000244   Section       14  handlers.o(i.__scatterload_zeroinit)
    i.delay                                  0x00000252   Section        0  main.o(i.delay)
    i.main                                   0x0000025c   Section        0  main.o(i.main)
    i.prvInitialiseNewTask                   0x000002e4   Section        0  task.o(i.prvInitialiseNewTask)
    prvInitialiseNewTask                     0x000002e5   Thumb Code    88  task.o(i.prvInitialiseNewTask)
    i.prvInitialiseTaskLists                 0x0000033c   Section        0  task.o(i.prvInitialiseTaskLists)
    i.prvTaskExitError                       0x0000035c   Section        0  port.o(i.prvTaskExitError)
    prvTaskExitError                         0x0000035d   Thumb Code     4  port.o(i.prvTaskExitError)
    i.pxPortInitialiseStack                  0x00000360   Section        0  port.o(i.pxPortInitialiseStack)
    i.vListInitialise                        0x00000384   Section        0  list.o(i.vListInitialise)
    i.vListInsertEnd                         0x0000039e   Section        0  list.o(i.vListInsertEnd)
    i.vTaskStartScheduler                    0x000003b8   Section        0  task.o(i.vTaskStartScheduler)
    i.vTaskSwitchContext                     0x000003d0   Section        0  task.o(i.vTaskSwitchContext)
    i.xPortStartScheduler                    0x000003f8   Section        0  port.o(i.xPortStartScheduler)
    i.xTaskCreateStatic                      0x0000041c   Section        0  task.o(i.xTaskCreateStatic)
    .data                                    0x20000000   Section       12  main.o(.data)
    .data                                    0x2000000c   Section        8  task.o(.data)
    uxCurrentNumberOfTasks                   0x20000010   Data           4  task.o(.data)
    .data                                    0x20000014   Section        4  system_armcm3.o(.data)
    .bss                                     0x20000018   Section     1112  main.o(.bss)
    .bss                                     0x20000470   Section      100  task.o(.bss)
    STACK                                    0x200004d8   Section     1024  startup_armcm3.o(STACK)

    Global Symbols

    Symbol Name                              Value     Ov Type        Size  Object(Section)

    BuildAttributes$$THM_ISAv4$P$D$K$B$S$PE$A:L22UL41UL21$X:L11$S22US41US21$IEEE1$IW$USESV6$~STKCKD$USESV7$~SHL$OSPACE$EBA8$MICROLIB$REQ8$PRES8$EABIv2 0x00000000   Number         0  anon$$obj.o ABSOLUTE
    __ARM_use_no_argv                        0x00000000   Number         0  main.o ABSOLUTE
    __Vectors                                0x00000000   Data           4  startup_armcm3.o(RESET)
    __cpp_initialize__aeabi_                  - Undefined Weak Reference
    __cxa_finalize                            - Undefined Weak Reference
    __decompress                              - Undefined Weak Reference
    _clock_init                               - Undefined Weak Reference
    _microlib_exit                            - Undefined Weak Reference
    __Vectors_End                            0x000000c0   Data           0  startup_armcm3.o(RESET)
    __Vectors_Size                           0x000000c0   Number         0  startup_armcm3.o ABSOLUTE
    __main                                   0x000000c1   Thumb Code     0  entry.o(.ARM.Collect$$$$00000000)
    _main_stk                                0x000000c1   Thumb Code     0  entry2.o(.ARM.Collect$$$$00000001)
    _main_scatterload                        0x000000c5   Thumb Code     0  entry5.o(.ARM.Collect$$$$00000004)
    __main_after_scatterload                 0x000000c9   Thumb Code     0  entry5.o(.ARM.Collect$$$$00000004)
    _main_clock                              0x000000c9   Thumb Code     0  entry7b.o(.ARM.Collect$$$$00000008)
    _main_cpp_init                           0x000000c9   Thumb Code     0  entry8b.o(.ARM.Collect$$$$0000000A)
    _main_init                               0x000000c9   Thumb Code     0  entry9a.o(.ARM.Collect$$$$0000000B)
    __rt_final_cpp                           0x000000d1   Thumb Code     0  entry10a.o(.ARM.Collect$$$$0000000D)
    __rt_final_exit                          0x000000d1   Thumb Code     0  entry11a.o(.ARM.Collect$$$$0000000F)
    prvStartFirstTask                        0x000000d5   Thumb Code    28  port.o(.emb_text)
    SVC_Handler                              0x000000f5   Thumb Code    32  port.o(.emb_text)
    PendSV_Handler                           0x00000119   Thumb Code    72  port.o(.emb_text)
    Reset_Handler                            0x00000165   Thumb Code     8  startup_armcm3.o(.text)
    NMI_Handler                              0x0000016d   Thumb Code     2  startup_armcm3.o(.text)
    HardFault_Handler                        0x0000016f   Thumb Code     2  startup_armcm3.o(.text)
    MemManage_Handler                        0x00000171   Thumb Code     2  startup_armcm3.o(.text)
    BusFault_Handler                         0x00000173   Thumb Code     2  startup_armcm3.o(.text)
    UsageFault_Handler                       0x00000175   Thumb Code     2  startup_armcm3.o(.text)
    DebugMon_Handler                         0x00000179   Thumb Code     2  startup_armcm3.o(.text)
    SysTick_Handler                          0x0000017d   Thumb Code     2  startup_armcm3.o(.text)
    AACI_IRQHandler                          0x0000017f   Thumb Code     0  startup_armcm3.o(.text)
    CAN_IRQHandler                           0x0000017f   Thumb Code     0  startup_armcm3.o(.text)
    CHLCD_IRQHandler                         0x0000017f   Thumb Code     0  startup_armcm3.o(.text)
    CLCD_IRQHandler                          0x0000017f   Thumb Code     0  startup_armcm3.o(.text)
    CPU_CLCD_IRQHandler                      0x0000017f   Thumb Code     0  startup_armcm3.o(.text)
    ENET_IRQHandler                          0x0000017f   Thumb Code     0  startup_armcm3.o(.text)
    FLEXRAY_IRQHandler                       0x0000017f   Thumb Code     0  startup_armcm3.o(.text)
    I2C_IRQHandler                           0x0000017f   Thumb Code     0  startup_armcm3.o(.text)
    LIN_IRQHandler                           0x0000017f   Thumb Code     0  startup_armcm3.o(.text)
    MCIA_IRQHandler                          0x0000017f   Thumb Code     0  startup_armcm3.o(.text)
    MCIB_IRQHandler                          0x0000017f   Thumb Code     0  startup_armcm3.o(.text)
    RTC_IRQHandler                           0x0000017f   Thumb Code     0  startup_armcm3.o(.text)
    SPI_IRQHandler                           0x0000017f   Thumb Code     0  startup_armcm3.o(.text)
    TIM0_IRQHandler                          0x0000017f   Thumb Code     0  startup_armcm3.o(.text)
    TIM2_IRQHandler                          0x0000017f   Thumb Code     0  startup_armcm3.o(.text)
    UART0_IRQHandler                         0x0000017f   Thumb Code     0  startup_armcm3.o(.text)
    UART1_IRQHandler                         0x0000017f   Thumb Code     0  startup_armcm3.o(.text)
    UART2_IRQHandler                         0x0000017f   Thumb Code     0  startup_armcm3.o(.text)
    UART3_IRQHandler                         0x0000017f   Thumb Code     0  startup_armcm3.o(.text)
    UART4_IRQHandler                         0x0000017f   Thumb Code     0  startup_armcm3.o(.text)
    USBDC_IRQHandler                         0x0000017f   Thumb Code     0  startup_armcm3.o(.text)
    USBHC_IRQHandler                         0x0000017f   Thumb Code     0  startup_armcm3.o(.text)
    WDT_IRQHandler                           0x0000017f   Thumb Code     0  startup_armcm3.o(.text)
    __scatterload                            0x00000189   Thumb Code    28  init.o(.text)
    __scatterload_rt2                        0x00000189   Thumb Code     0  init.o(.text)
    SystemInit                               0x000001ad   Thumb Code    14  system_armcm3.o(i.SystemInit)
    Task1_Entry                              0x000001cd   Thumb Code    44  main.o(i.Task1_Entry)
    Task2_Entry                              0x00000201   Thumb Code    44  main.o(i.Task2_Entry)
    __scatterload_copy                       0x00000235   Thumb Code    14  handlers.o(i.__scatterload_copy)
    __scatterload_null                       0x00000243   Thumb Code     2  handlers.o(i.__scatterload_null)
    __scatterload_zeroinit                   0x00000245   Thumb Code    14  handlers.o(i.__scatterload_zeroinit)
    delay                                    0x00000253   Thumb Code    10  main.o(i.delay)
    main                                     0x0000025d   Thumb Code    84  main.o(i.main)
    prvInitialiseTaskLists                   0x0000033d   Thumb Code    28  task.o(i.prvInitialiseTaskLists)
    pxPortInitialiseStack                    0x00000361   Thumb Code    30  port.o(i.pxPortInitialiseStack)
    vListInitialise                          0x00000385   Thumb Code    26  list.o(i.vListInitialise)
    vListInsertEnd                           0x0000039f   Thumb Code    24  list.o(i.vListInsertEnd)
    vTaskStartScheduler                      0x000003b9   Thumb Code    14  task.o(i.vTaskStartScheduler)
    vTaskSwitchContext                       0x000003d1   Thumb Code    26  task.o(i.vTaskSwitchContext)
    xPortStartScheduler                      0x000003f9   Thumb Code    32  port.o(i.xPortStartScheduler)
    xTaskCreateStatic                        0x0000041d   Thumb Code    54  task.o(i.xTaskCreateStatic)
    Region$$Table$$Base                      0x00000454   Number         0  anon$$obj.o(Region$$Table)
    Region$$Table$$Limit                     0x00000474   Number         0  anon$$obj.o(Region$$Table)
    flag1                                    0x20000000   Data           1  main.o(.data)
    flag2                                    0x20000001   Data           1  main.o(.data)
    Task1_Handle                             0x20000004   Data           4  main.o(.data)
    Task2_Handle                             0x20000008   Data           4  main.o(.data)
    pxCurrentTCB                             0x2000000c   Data           4  task.o(.data)
    SystemCoreClock                          0x20000014   Data           4  system_armcm3.o(.data)
    Task1Stack                               0x20000018   Data         512  main.o(.bss)
    Task1TCB                                 0x20000218   Data          44  main.o(.bss)
    Task2Stack                               0x20000244   Data         512  main.o(.bss)
    Task2TCB                                 0x20000444   Data          44  main.o(.bss)
    pxReadyTasksLists                        0x20000470   Data         100  task.o(.bss)
    __initial_sp                             0x200008d8   Data           0  startup_armcm3.o(STACK)



==============================================================================

Memory Map of the image

  Image Entry point : 0x000000c1

  Load Region LR_IROM1 (Base: 0x00000000, Size: 0x0000048c, Max: 0x00040000, ABSOLUTE)

    Execution Region ER_IROM1 (Base: 0x00000000, Size: 0x00000474, Max: 0x00040000, ABSOLUTE)

    Base Addr    Size         Type   Attr      Idx    E Section Name        Object

    0x00000000   0x000000c0   Data   RO          232    RESET               startup_armcm3.o
    0x000000c0   0x00000000   Code   RO          274  * .ARM.Collect$$$$00000000  mc_w.l(entry.o)
    0x000000c0   0x00000004   Code   RO          277    .ARM.Collect$$$$00000001  mc_w.l(entry2.o)
    0x000000c4   0x00000004   Code   RO          280    .ARM.Collect$$$$00000004  mc_w.l(entry5.o)
    0x000000c8   0x00000000   Code   RO          282    .ARM.Collect$$$$00000008  mc_w.l(entry7b.o)
    0x000000c8   0x00000000   Code   RO          284    .ARM.Collect$$$$0000000A  mc_w.l(entry8b.o)
    0x000000c8   0x00000008   Code   RO          285    .ARM.Collect$$$$0000000B  mc_w.l(entry9a.o)
    0x000000d0   0x00000000   Code   RO          287    .ARM.Collect$$$$0000000D  mc_w.l(entry10a.o)
    0x000000d0   0x00000000   Code   RO          289    .ARM.Collect$$$$0000000F  mc_w.l(entry11a.o)
    0x000000d0   0x00000004   Code   RO          278    .ARM.Collect$$$$00002712  mc_w.l(entry2.o)
    0x000000d4   0x00000090   Code   RO           68    .emb_text           port.o
    0x00000164   0x00000024   Code   RO          233    .text               startup_armcm3.o
    0x00000188   0x00000024   Code   RO          291    .text               mc_w.l(init.o)
    0x000001ac   0x00000020   Code   RO          241    i.SystemInit        system_armcm3.o
    0x000001cc   0x00000034   Code   RO            1    i.Task1_Entry       main.o
    0x00000200   0x00000034   Code   RO            2    i.Task2_Entry       main.o
    0x00000234   0x0000000e   Code   RO          295    i.__scatterload_copy  mc_w.l(handlers.o)
    0x00000242   0x00000002   Code   RO          296    i.__scatterload_null  mc_w.l(handlers.o)
    0x00000244   0x0000000e   Code   RO          297    i.__scatterload_zeroinit  mc_w.l(handlers.o)
    0x00000252   0x0000000a   Code   RO            3    i.delay             main.o
    0x0000025c   0x00000088   Code   RO            4    i.main              main.o
    0x000002e4   0x00000058   Code   RO          151    i.prvInitialiseNewTask  task.o
    0x0000033c   0x00000020   Code   RO          152    i.prvInitialiseTaskLists  task.o
    0x0000035c   0x00000004   Code   RO           69    i.prvTaskExitError  port.o
    0x00000360   0x00000024   Code   RO           70    i.pxPortInitialiseStack  port.o
    0x00000384   0x0000001a   Code   RO          192    i.vListInitialise   list.o
    0x0000039e   0x00000018   Code   RO          195    i.vListInsertEnd    list.o
    0x000003b6   0x00000002   PAD
    0x000003b8   0x00000018   Code   RO          153    i.vTaskStartScheduler  task.o
    0x000003d0   0x00000028   Code   RO          154    i.vTaskSwitchContext  task.o
    0x000003f8   0x00000024   Code   RO           73    i.xPortStartScheduler  port.o
    0x0000041c   0x00000036   Code   RO          155    i.xTaskCreateStatic  task.o
    0x00000452   0x00000002   PAD
    0x00000454   0x00000020   Data   RO          293    Region$$Table       anon$$obj.o


    Execution Region RW_IRAM1 (Base: 0x20000000, Size: 0x000008d8, Max: 0x00020000, ABSOLUTE)

    Base Addr    Size         Type   Attr      Idx    E Section Name        Object

    0x20000000   0x0000000c   Data   RW            6    .data               main.o
    0x2000000c   0x00000008   Data   RW          157    .data               task.o
    0x20000014   0x00000004   Data   RW          242    .data               system_armcm3.o
    0x20000018   0x00000458   Zero   RW            5    .bss                main.o
    0x20000470   0x00000064   Zero   RW          156    .bss                task.o
    0x200004d4   0x00000004   PAD
    0x200004d8   0x00000400   Zero   RW          230    STACK               startup_armcm3.o


==============================================================================

Image component sizes


      Code (inc. data)   RO Data    RW Data    ZI Data      Debug   Object Name

        50          0          0          0          0       1539   list.o
       250         68          0         12       1112      12347   main.o
       220         22          0          0          0       4714   port.o
        36          8        192          0       1024        812   startup_armcm3.o
        32         18          0          4          0        743   system_armcm3.o
       238         28          0          8        100       4309   task.o

    ----------------------------------------------------------------------
       830        144        224         24       2240      24464   Object Totals
         0          0         32          0          0          0   (incl. Generated)
         4          0          0          0          4          0   (incl. Padding)

    ----------------------------------------------------------------------

      Code (inc. data)   RO Data    RW Data    ZI Data      Debug   Library Member Name

         0          0          0          0          0          0   entry.o
         0          0          0          0          0          0   entry10a.o
         0          0          0          0          0          0   entry11a.o
         8          4          0          0          0          0   entry2.o
         4          0          0          0          0          0   entry5.o
         0          0          0          0          0          0   entry7b.o
         0          0          0          0          0          0   entry8b.o
         8          4          0          0          0          0   entry9a.o
        30          0          0          0          0          0   handlers.o
        36          8          0          0          0         68   init.o

    ----------------------------------------------------------------------
        86         16          0          0          0         68   Library Totals
         0          0          0          0          0          0   (incl. Padding)

    ----------------------------------------------------------------------

      Code (inc. data)   RO Data    RW Data    ZI Data      Debug   Library Name

        86         16          0          0          0         68   mc_w.l

    ----------------------------------------------------------------------
        86         16          0          0          0         68   Library Totals

    ----------------------------------------------------------------------

==============================================================================


      Code (inc. data)   RO Data    RW Data    ZI Data      Debug   

       916        160        224         24       2240      24008   Grand Totals
       916        160        224         24       2240      24008   ELF Image Totals
       916        160        224         24          0          0   ROM Totals

==============================================================================

    Total RO  Size (Code + RO Data)                 1140 (   1.11kB)
    Total RW  Size (RW Data + ZI Data)              2264 (   2.21kB)
    Total ROM Size (Code + RO Data + RW Data)       1164 (   1.14kB)

==============================================================================

