<!doctype html public "-//w3c//dtd html 4.0 transitional//en">
<html><head>
<title>Static Call Graph - [.\Objects\YH-RT-Thread.axf]</title></head>
<body><HR>
<H1>Static Call Graph for image .\Objects\YH-RT-Thread.axf</H1><HR>
<BR><P>#&#060CALLGRAPH&#062# ARM Linker, 5060422: Last Updated: Tue Aug 21 16:48:35 2018
<BR><P>
<H3>Maximum Stack Usage =        104 bytes + Unknown(Cycles, Untraceable Function Pointers)</H3><H3>
Call chain for Maximum Stack Depth:</H3>
main &rArr; xTaskCreateStatic &rArr; prvInitialiseNewTask
<P>
<H3>
Mutually Recursive functions
</H3> <LI><a href="#[1]">NMI_Handler</a>&nbsp;&nbsp;&nbsp;&rArr;&nbsp;&nbsp;&nbsp;<a href="#[1]">NMI_Handler</a><BR>
 <LI><a href="#[2]">HardFault_Handler</a>&nbsp;&nbsp;&nbsp;&rArr;&nbsp;&nbsp;&nbsp;<a href="#[2]">HardFault_Handler</a><BR>
 <LI><a href="#[3]">MemManage_Handler</a>&nbsp;&nbsp;&nbsp;&rArr;&nbsp;&nbsp;&nbsp;<a href="#[3]">MemManage_Handler</a><BR>
 <LI><a href="#[4]">BusFault_Handler</a>&nbsp;&nbsp;&nbsp;&rArr;&nbsp;&nbsp;&nbsp;<a href="#[4]">BusFault_Handler</a><BR>
 <LI><a href="#[5]">UsageFault_Handler</a>&nbsp;&nbsp;&nbsp;&rArr;&nbsp;&nbsp;&nbsp;<a href="#[5]">UsageFault_Handler</a><BR>
 <LI><a href="#[7]">DebugMon_Handler</a>&nbsp;&nbsp;&nbsp;&rArr;&nbsp;&nbsp;&nbsp;<a href="#[7]">DebugMon_Handler</a><BR>
 <LI><a href="#[9]">SysTick_Handler</a>&nbsp;&nbsp;&nbsp;&rArr;&nbsp;&nbsp;&nbsp;<a href="#[9]">SysTick_Handler</a><BR>
 <LI><a href="#[14]">AACI_IRQHandler</a>&nbsp;&nbsp;&nbsp;&rArr;&nbsp;&nbsp;&nbsp;<a href="#[14]">AACI_IRQHandler</a><BR>
</UL>
<P>
<H3>
Function Pointers
</H3><UL>
 <LI><a href="#[14]">AACI_IRQHandler</a> from startup_armcm3.o(.text) referenced from startup_armcm3.o(RESET)
 <LI><a href="#[4]">BusFault_Handler</a> from startup_armcm3.o(.text) referenced from startup_armcm3.o(RESET)
 <LI><a href="#[1b]">CAN_IRQHandler</a> from startup_armcm3.o(.text) referenced from startup_armcm3.o(RESET)
 <LI><a href="#[19]">CHLCD_IRQHandler</a> from startup_armcm3.o(.text) referenced from startup_armcm3.o(RESET)
 <LI><a href="#[15]">CLCD_IRQHandler</a> from startup_armcm3.o(.text) referenced from startup_armcm3.o(RESET)
 <LI><a href="#[1e]">CPU_CLCD_IRQHandler</a> from startup_armcm3.o(.text) referenced from startup_armcm3.o(RESET)
 <LI><a href="#[7]">DebugMon_Handler</a> from startup_armcm3.o(.text) referenced from startup_armcm3.o(RESET)
 <LI><a href="#[16]">ENET_IRQHandler</a> from startup_armcm3.o(.text) referenced from startup_armcm3.o(RESET)
 <LI><a href="#[1a]">FLEXRAY_IRQHandler</a> from startup_armcm3.o(.text) referenced from startup_armcm3.o(RESET)
 <LI><a href="#[2]">HardFault_Handler</a> from startup_armcm3.o(.text) referenced from startup_armcm3.o(RESET)
 <LI><a href="#[1d]">I2C_IRQHandler</a> from startup_armcm3.o(.text) referenced from startup_armcm3.o(RESET)
 <LI><a href="#[1c]">LIN_IRQHandler</a> from startup_armcm3.o(.text) referenced from startup_armcm3.o(RESET)
 <LI><a href="#[e]">MCIA_IRQHandler</a> from startup_armcm3.o(.text) referenced from startup_armcm3.o(RESET)
 <LI><a href="#[f]">MCIB_IRQHandler</a> from startup_armcm3.o(.text) referenced from startup_armcm3.o(RESET)
 <LI><a href="#[3]">MemManage_Handler</a> from startup_armcm3.o(.text) referenced from startup_armcm3.o(RESET)
 <LI><a href="#[1]">NMI_Handler</a> from startup_armcm3.o(.text) referenced from startup_armcm3.o(RESET)
 <LI><a href="#[8]">PendSV_Handler</a> from port.o(.emb_text) referenced from startup_armcm3.o(RESET)
 <LI><a href="#[b]">RTC_IRQHandler</a> from startup_armcm3.o(.text) referenced from startup_armcm3.o(RESET)
 <LI><a href="#[0]">Reset_Handler</a> from startup_armcm3.o(.text) referenced from startup_armcm3.o(RESET)
 <LI><a href="#[20]">SPI_IRQHandler</a> from startup_armcm3.o(.text) referenced from startup_armcm3.o(RESET)
 <LI><a href="#[6]">SVC_Handler</a> from port.o(.emb_text) referenced from startup_armcm3.o(RESET)
 <LI><a href="#[9]">SysTick_Handler</a> from startup_armcm3.o(.text) referenced from startup_armcm3.o(RESET)
 <LI><a href="#[22]">SystemInit</a> from system_armcm3.o(i.SystemInit) referenced from startup_armcm3.o(.text)
 <LI><a href="#[c]">TIM0_IRQHandler</a> from startup_armcm3.o(.text) referenced from startup_armcm3.o(RESET)
 <LI><a href="#[d]">TIM2_IRQHandler</a> from startup_armcm3.o(.text) referenced from startup_armcm3.o(RESET)
 <LI><a href="#[24]">Task1_Entry</a> from main.o(i.Task1_Entry) referenced from main.o(i.main)
 <LI><a href="#[25]">Task2_Entry</a> from main.o(i.Task2_Entry) referenced from main.o(i.main)
 <LI><a href="#[10]">UART0_IRQHandler</a> from startup_armcm3.o(.text) referenced from startup_armcm3.o(RESET)
 <LI><a href="#[11]">UART1_IRQHandler</a> from startup_armcm3.o(.text) referenced from startup_armcm3.o(RESET)
 <LI><a href="#[12]">UART2_IRQHandler</a> from startup_armcm3.o(.text) referenced from startup_armcm3.o(RESET)
 <LI><a href="#[1f]">UART3_IRQHandler</a> from startup_armcm3.o(.text) referenced from startup_armcm3.o(RESET)
 <LI><a href="#[13]">UART4_IRQHandler</a> from startup_armcm3.o(.text) referenced from startup_armcm3.o(RESET)
 <LI><a href="#[17]">USBDC_IRQHandler</a> from startup_armcm3.o(.text) referenced from startup_armcm3.o(RESET)
 <LI><a href="#[18]">USBHC_IRQHandler</a> from startup_armcm3.o(.text) referenced from startup_armcm3.o(RESET)
 <LI><a href="#[5]">UsageFault_Handler</a> from startup_armcm3.o(.text) referenced from startup_armcm3.o(RESET)
 <LI><a href="#[a]">WDT_IRQHandler</a> from startup_armcm3.o(.text) referenced from startup_armcm3.o(RESET)
 <LI><a href="#[23]">__main</a> from entry.o(.ARM.Collect$$$$00000000) referenced from startup_armcm3.o(.text)
 <LI><a href="#[21]">main</a> from main.o(i.main) referenced from entry9a.o(.ARM.Collect$$$$0000000B)
 <LI><a href="#[26]">prvTaskExitError</a> from port.o(i.prvTaskExitError) referenced from port.o(i.pxPortInitialiseStack)
</UL>
<P>
<H3>
Global Symbols
</H3>
<P><STRONG><a name="[23]"></a>__main</STRONG> (Thumb, 0 bytes, Stack size unknown bytes, entry.o(.ARM.Collect$$$$00000000))
<BR>[Address Reference Count : 1]<UL><LI> startup_armcm3.o(.text)
</UL>
<P><STRONG><a name="[35]"></a>_main_stk</STRONG> (Thumb, 0 bytes, Stack size unknown bytes, entry2.o(.ARM.Collect$$$$00000001))

<P><STRONG><a name="[27]"></a>_main_scatterload</STRONG> (Thumb, 0 bytes, Stack size unknown bytes, entry5.o(.ARM.Collect$$$$00000004))
<BR><BR>[Calls]<UL><LI><a href="#[28]">&gt;&gt;</a>&nbsp;&nbsp;&nbsp;__scatterload
</UL>

<P><STRONG><a name="[2a]"></a>__main_after_scatterload</STRONG> (Thumb, 0 bytes, Stack size unknown bytes, entry5.o(.ARM.Collect$$$$00000004))
<BR><BR>[Called By]<UL><LI><a href="#[28]">&gt;&gt;</a>&nbsp;&nbsp;&nbsp;__scatterload
</UL>

<P><STRONG><a name="[36]"></a>_main_clock</STRONG> (Thumb, 0 bytes, Stack size unknown bytes, entry7b.o(.ARM.Collect$$$$00000008))

<P><STRONG><a name="[37]"></a>_main_cpp_init</STRONG> (Thumb, 0 bytes, Stack size unknown bytes, entry8b.o(.ARM.Collect$$$$0000000A))

<P><STRONG><a name="[38]"></a>_main_init</STRONG> (Thumb, 0 bytes, Stack size unknown bytes, entry9a.o(.ARM.Collect$$$$0000000B))

<P><STRONG><a name="[39]"></a>__rt_final_cpp</STRONG> (Thumb, 0 bytes, Stack size unknown bytes, entry10a.o(.ARM.Collect$$$$0000000D))

<P><STRONG><a name="[3a]"></a>__rt_final_exit</STRONG> (Thumb, 0 bytes, Stack size unknown bytes, entry11a.o(.ARM.Collect$$$$0000000F))

<P><STRONG><a name="[34]"></a>prvStartFirstTask</STRONG> (Thumb, 28 bytes, Stack size 0 bytes, port.o(.emb_text))
<BR><BR>[Called By]<UL><LI><a href="#[33]">&gt;&gt;</a>&nbsp;&nbsp;&nbsp;xPortStartScheduler
</UL>

<P><STRONG><a name="[6]"></a>SVC_Handler</STRONG> (Thumb, 32 bytes, Stack size 0 bytes, port.o(.emb_text))
<BR>[Address Reference Count : 1]<UL><LI> startup_armcm3.o(RESET)
</UL>
<P><STRONG><a name="[8]"></a>PendSV_Handler</STRONG> (Thumb, 72 bytes, Stack size 0 bytes, port.o(.emb_text))
<BR><BR>[Calls]<UL><LI><a href="#[29]">&gt;&gt;</a>&nbsp;&nbsp;&nbsp;vTaskSwitchContext
</UL>
<BR>[Address Reference Count : 1]<UL><LI> startup_armcm3.o(RESET)
</UL>
<P><STRONG><a name="[0]"></a>Reset_Handler</STRONG> (Thumb, 8 bytes, Stack size 0 bytes, startup_armcm3.o(.text))
<BR>[Address Reference Count : 1]<UL><LI> startup_armcm3.o(RESET)
</UL>
<P><STRONG><a name="[1]"></a>NMI_Handler</STRONG> (Thumb, 2 bytes, Stack size 0 bytes, startup_armcm3.o(.text))
<BR><BR>[Calls]<UL><LI><a href="#[1]">&gt;&gt;</a>&nbsp;&nbsp;&nbsp;NMI_Handler
</UL>
<BR>[Called By]<UL><LI><a href="#[1]">&gt;&gt;</a>&nbsp;&nbsp;&nbsp;NMI_Handler
</UL>
<BR>[Address Reference Count : 1]<UL><LI> startup_armcm3.o(RESET)
</UL>
<P><STRONG><a name="[2]"></a>HardFault_Handler</STRONG> (Thumb, 2 bytes, Stack size 0 bytes, startup_armcm3.o(.text))
<BR><BR>[Calls]<UL><LI><a href="#[2]">&gt;&gt;</a>&nbsp;&nbsp;&nbsp;HardFault_Handler
</UL>
<BR>[Called By]<UL><LI><a href="#[2]">&gt;&gt;</a>&nbsp;&nbsp;&nbsp;HardFault_Handler
</UL>
<BR>[Address Reference Count : 1]<UL><LI> startup_armcm3.o(RESET)
</UL>
<P><STRONG><a name="[3]"></a>MemManage_Handler</STRONG> (Thumb, 2 bytes, Stack size 0 bytes, startup_armcm3.o(.text))
<BR><BR>[Calls]<UL><LI><a href="#[3]">&gt;&gt;</a>&nbsp;&nbsp;&nbsp;MemManage_Handler
</UL>
<BR>[Called By]<UL><LI><a href="#[3]">&gt;&gt;</a>&nbsp;&nbsp;&nbsp;MemManage_Handler
</UL>
<BR>[Address Reference Count : 1]<UL><LI> startup_armcm3.o(RESET)
</UL>
<P><STRONG><a name="[4]"></a>BusFault_Handler</STRONG> (Thumb, 2 bytes, Stack size 0 bytes, startup_armcm3.o(.text))
<BR><BR>[Calls]<UL><LI><a href="#[4]">&gt;&gt;</a>&nbsp;&nbsp;&nbsp;BusFault_Handler
</UL>
<BR>[Called By]<UL><LI><a href="#[4]">&gt;&gt;</a>&nbsp;&nbsp;&nbsp;BusFault_Handler
</UL>
<BR>[Address Reference Count : 1]<UL><LI> startup_armcm3.o(RESET)
</UL>
<P><STRONG><a name="[5]"></a>UsageFault_Handler</STRONG> (Thumb, 2 bytes, Stack size 0 bytes, startup_armcm3.o(.text))
<BR><BR>[Calls]<UL><LI><a href="#[5]">&gt;&gt;</a>&nbsp;&nbsp;&nbsp;UsageFault_Handler
</UL>
<BR>[Called By]<UL><LI><a href="#[5]">&gt;&gt;</a>&nbsp;&nbsp;&nbsp;UsageFault_Handler
</UL>
<BR>[Address Reference Count : 1]<UL><LI> startup_armcm3.o(RESET)
</UL>
<P><STRONG><a name="[7]"></a>DebugMon_Handler</STRONG> (Thumb, 2 bytes, Stack size 0 bytes, startup_armcm3.o(.text))
<BR><BR>[Calls]<UL><LI><a href="#[7]">&gt;&gt;</a>&nbsp;&nbsp;&nbsp;DebugMon_Handler
</UL>
<BR>[Called By]<UL><LI><a href="#[7]">&gt;&gt;</a>&nbsp;&nbsp;&nbsp;DebugMon_Handler
</UL>
<BR>[Address Reference Count : 1]<UL><LI> startup_armcm3.o(RESET)
</UL>
<P><STRONG><a name="[9]"></a>SysTick_Handler</STRONG> (Thumb, 2 bytes, Stack size 0 bytes, startup_armcm3.o(.text))
<BR><BR>[Calls]<UL><LI><a href="#[9]">&gt;&gt;</a>&nbsp;&nbsp;&nbsp;SysTick_Handler
</UL>
<BR>[Called By]<UL><LI><a href="#[9]">&gt;&gt;</a>&nbsp;&nbsp;&nbsp;SysTick_Handler
</UL>
<BR>[Address Reference Count : 1]<UL><LI> startup_armcm3.o(RESET)
</UL>
<P><STRONG><a name="[14]"></a>AACI_IRQHandler</STRONG> (Thumb, 0 bytes, Stack size 0 bytes, startup_armcm3.o(.text))
<BR><BR>[Calls]<UL><LI><a href="#[14]">&gt;&gt;</a>&nbsp;&nbsp;&nbsp;AACI_IRQHandler
</UL>
<BR>[Called By]<UL><LI><a href="#[14]">&gt;&gt;</a>&nbsp;&nbsp;&nbsp;AACI_IRQHandler
</UL>
<BR>[Address Reference Count : 1]<UL><LI> startup_armcm3.o(RESET)
</UL>
<P><STRONG><a name="[1b]"></a>CAN_IRQHandler</STRONG> (Thumb, 0 bytes, Stack size 0 bytes, startup_armcm3.o(.text))
<BR>[Address Reference Count : 1]<UL><LI> startup_armcm3.o(RESET)
</UL>
<P><STRONG><a name="[19]"></a>CHLCD_IRQHandler</STRONG> (Thumb, 0 bytes, Stack size 0 bytes, startup_armcm3.o(.text))
<BR>[Address Reference Count : 1]<UL><LI> startup_armcm3.o(RESET)
</UL>
<P><STRONG><a name="[15]"></a>CLCD_IRQHandler</STRONG> (Thumb, 0 bytes, Stack size 0 bytes, startup_armcm3.o(.text))
<BR>[Address Reference Count : 1]<UL><LI> startup_armcm3.o(RESET)
</UL>
<P><STRONG><a name="[1e]"></a>CPU_CLCD_IRQHandler</STRONG> (Thumb, 0 bytes, Stack size 0 bytes, startup_armcm3.o(.text))
<BR>[Address Reference Count : 1]<UL><LI> startup_armcm3.o(RESET)
</UL>
<P><STRONG><a name="[16]"></a>ENET_IRQHandler</STRONG> (Thumb, 0 bytes, Stack size 0 bytes, startup_armcm3.o(.text))
<BR>[Address Reference Count : 1]<UL><LI> startup_armcm3.o(RESET)
</UL>
<P><STRONG><a name="[1a]"></a>FLEXRAY_IRQHandler</STRONG> (Thumb, 0 bytes, Stack size 0 bytes, startup_armcm3.o(.text))
<BR>[Address Reference Count : 1]<UL><LI> startup_armcm3.o(RESET)
</UL>
<P><STRONG><a name="[1d]"></a>I2C_IRQHandler</STRONG> (Thumb, 0 bytes, Stack size 0 bytes, startup_armcm3.o(.text))
<BR>[Address Reference Count : 1]<UL><LI> startup_armcm3.o(RESET)
</UL>
<P><STRONG><a name="[1c]"></a>LIN_IRQHandler</STRONG> (Thumb, 0 bytes, Stack size 0 bytes, startup_armcm3.o(.text))
<BR>[Address Reference Count : 1]<UL><LI> startup_armcm3.o(RESET)
</UL>
<P><STRONG><a name="[e]"></a>MCIA_IRQHandler</STRONG> (Thumb, 0 bytes, Stack size 0 bytes, startup_armcm3.o(.text))
<BR>[Address Reference Count : 1]<UL><LI> startup_armcm3.o(RESET)
</UL>
<P><STRONG><a name="[f]"></a>MCIB_IRQHandler</STRONG> (Thumb, 0 bytes, Stack size 0 bytes, startup_armcm3.o(.text))
<BR>[Address Reference Count : 1]<UL><LI> startup_armcm3.o(RESET)
</UL>
<P><STRONG><a name="[b]"></a>RTC_IRQHandler</STRONG> (Thumb, 0 bytes, Stack size 0 bytes, startup_armcm3.o(.text))
<BR>[Address Reference Count : 1]<UL><LI> startup_armcm3.o(RESET)
</UL>
<P><STRONG><a name="[20]"></a>SPI_IRQHandler</STRONG> (Thumb, 0 bytes, Stack size 0 bytes, startup_armcm3.o(.text))
<BR>[Address Reference Count : 1]<UL><LI> startup_armcm3.o(RESET)
</UL>
<P><STRONG><a name="[c]"></a>TIM0_IRQHandler</STRONG> (Thumb, 0 bytes, Stack size 0 bytes, startup_armcm3.o(.text))
<BR>[Address Reference Count : 1]<UL><LI> startup_armcm3.o(RESET)
</UL>
<P><STRONG><a name="[d]"></a>TIM2_IRQHandler</STRONG> (Thumb, 0 bytes, Stack size 0 bytes, startup_armcm3.o(.text))
<BR>[Address Reference Count : 1]<UL><LI> startup_armcm3.o(RESET)
</UL>
<P><STRONG><a name="[10]"></a>UART0_IRQHandler</STRONG> (Thumb, 0 bytes, Stack size 0 bytes, startup_armcm3.o(.text))
<BR>[Address Reference Count : 1]<UL><LI> startup_armcm3.o(RESET)
</UL>
<P><STRONG><a name="[11]"></a>UART1_IRQHandler</STRONG> (Thumb, 0 bytes, Stack size 0 bytes, startup_armcm3.o(.text))
<BR>[Address Reference Count : 1]<UL><LI> startup_armcm3.o(RESET)
</UL>
<P><STRONG><a name="[12]"></a>UART2_IRQHandler</STRONG> (Thumb, 0 bytes, Stack size 0 bytes, startup_armcm3.o(.text))
<BR>[Address Reference Count : 1]<UL><LI> startup_armcm3.o(RESET)
</UL>
<P><STRONG><a name="[1f]"></a>UART3_IRQHandler</STRONG> (Thumb, 0 bytes, Stack size 0 bytes, startup_armcm3.o(.text))
<BR>[Address Reference Count : 1]<UL><LI> startup_armcm3.o(RESET)
</UL>
<P><STRONG><a name="[13]"></a>UART4_IRQHandler</STRONG> (Thumb, 0 bytes, Stack size 0 bytes, startup_armcm3.o(.text))
<BR>[Address Reference Count : 1]<UL><LI> startup_armcm3.o(RESET)
</UL>
<P><STRONG><a name="[17]"></a>USBDC_IRQHandler</STRONG> (Thumb, 0 bytes, Stack size 0 bytes, startup_armcm3.o(.text))
<BR>[Address Reference Count : 1]<UL><LI> startup_armcm3.o(RESET)
</UL>
<P><STRONG><a name="[18]"></a>USBHC_IRQHandler</STRONG> (Thumb, 0 bytes, Stack size 0 bytes, startup_armcm3.o(.text))
<BR>[Address Reference Count : 1]<UL><LI> startup_armcm3.o(RESET)
</UL>
<P><STRONG><a name="[a]"></a>WDT_IRQHandler</STRONG> (Thumb, 0 bytes, Stack size 0 bytes, startup_armcm3.o(.text))
<BR>[Address Reference Count : 1]<UL><LI> startup_armcm3.o(RESET)
</UL>
<P><STRONG><a name="[28]"></a>__scatterload</STRONG> (Thumb, 28 bytes, Stack size 0 bytes, init.o(.text))
<BR><BR>[Calls]<UL><LI><a href="#[2a]">&gt;&gt;</a>&nbsp;&nbsp;&nbsp;__main_after_scatterload
</UL>
<BR>[Called By]<UL><LI><a href="#[27]">&gt;&gt;</a>&nbsp;&nbsp;&nbsp;_main_scatterload
</UL>

<P><STRONG><a name="[3b]"></a>__scatterload_rt2</STRONG> (Thumb, 0 bytes, Stack size 0 bytes, init.o(.text), UNUSED)

<P><STRONG><a name="[22]"></a>SystemInit</STRONG> (Thumb, 14 bytes, Stack size 0 bytes, system_armcm3.o(i.SystemInit))
<BR>[Address Reference Count : 1]<UL><LI> startup_armcm3.o(.text)
</UL>
<P><STRONG><a name="[24]"></a>Task1_Entry</STRONG> (Thumb, 44 bytes, Stack size 0 bytes, main.o(i.Task1_Entry))
<BR><BR>[Calls]<UL><LI><a href="#[2b]">&gt;&gt;</a>&nbsp;&nbsp;&nbsp;delay
</UL>
<BR>[Address Reference Count : 1]<UL><LI> main.o(i.main)
</UL>
<P><STRONG><a name="[25]"></a>Task2_Entry</STRONG> (Thumb, 44 bytes, Stack size 0 bytes, main.o(i.Task2_Entry))
<BR><BR>[Calls]<UL><LI><a href="#[2b]">&gt;&gt;</a>&nbsp;&nbsp;&nbsp;delay
</UL>
<BR>[Address Reference Count : 1]<UL><LI> main.o(i.main)
</UL>
<P><STRONG><a name="[3c]"></a>__scatterload_copy</STRONG> (Thumb, 14 bytes, Stack size unknown bytes, handlers.o(i.__scatterload_copy), UNUSED)

<P><STRONG><a name="[3d]"></a>__scatterload_null</STRONG> (Thumb, 2 bytes, Stack size unknown bytes, handlers.o(i.__scatterload_null), UNUSED)

<P><STRONG><a name="[3e]"></a>__scatterload_zeroinit</STRONG> (Thumb, 14 bytes, Stack size unknown bytes, handlers.o(i.__scatterload_zeroinit), UNUSED)

<P><STRONG><a name="[2b]"></a>delay</STRONG> (Thumb, 10 bytes, Stack size 0 bytes, main.o(i.delay))
<BR><BR>[Called By]<UL><LI><a href="#[25]">&gt;&gt;</a>&nbsp;&nbsp;&nbsp;Task2_Entry
<LI><a href="#[24]">&gt;&gt;</a>&nbsp;&nbsp;&nbsp;Task1_Entry
</UL>

<P><STRONG><a name="[21]"></a>main</STRONG> (Thumb, 84 bytes, Stack size 16 bytes, main.o(i.main))
<BR><BR>[Stack]<UL><LI>Max Depth = 104<LI>Call Chain = main &rArr; xTaskCreateStatic &rArr; prvInitialiseNewTask
</UL>
<BR>[Calls]<UL><LI><a href="#[2d]">&gt;&gt;</a>&nbsp;&nbsp;&nbsp;xTaskCreateStatic
<LI><a href="#[2f]">&gt;&gt;</a>&nbsp;&nbsp;&nbsp;vTaskStartScheduler
<LI><a href="#[2e]">&gt;&gt;</a>&nbsp;&nbsp;&nbsp;vListInsertEnd
<LI><a href="#[2c]">&gt;&gt;</a>&nbsp;&nbsp;&nbsp;prvInitialiseTaskLists
</UL>
<BR>[Address Reference Count : 1]<UL><LI> entry9a.o(.ARM.Collect$$$$0000000B)
</UL>
<P><STRONG><a name="[2c]"></a>prvInitialiseTaskLists</STRONG> (Thumb, 28 bytes, Stack size 8 bytes, task.o(i.prvInitialiseTaskLists))
<BR><BR>[Stack]<UL><LI>Max Depth = 8<LI>Call Chain = prvInitialiseTaskLists
</UL>
<BR>[Calls]<UL><LI><a href="#[32]">&gt;&gt;</a>&nbsp;&nbsp;&nbsp;vListInitialise
</UL>
<BR>[Called By]<UL><LI><a href="#[21]">&gt;&gt;</a>&nbsp;&nbsp;&nbsp;main
</UL>

<P><STRONG><a name="[31]"></a>pxPortInitialiseStack</STRONG> (Thumb, 30 bytes, Stack size 0 bytes, port.o(i.pxPortInitialiseStack))
<BR><BR>[Called By]<UL><LI><a href="#[30]">&gt;&gt;</a>&nbsp;&nbsp;&nbsp;prvInitialiseNewTask
</UL>

<P><STRONG><a name="[32]"></a>vListInitialise</STRONG> (Thumb, 26 bytes, Stack size 0 bytes, list.o(i.vListInitialise))
<BR><BR>[Called By]<UL><LI><a href="#[2c]">&gt;&gt;</a>&nbsp;&nbsp;&nbsp;prvInitialiseTaskLists
</UL>

<P><STRONG><a name="[2e]"></a>vListInsertEnd</STRONG> (Thumb, 24 bytes, Stack size 0 bytes, list.o(i.vListInsertEnd))
<BR><BR>[Called By]<UL><LI><a href="#[21]">&gt;&gt;</a>&nbsp;&nbsp;&nbsp;main
</UL>

<P><STRONG><a name="[2f]"></a>vTaskStartScheduler</STRONG> (Thumb, 14 bytes, Stack size 8 bytes, task.o(i.vTaskStartScheduler))
<BR><BR>[Stack]<UL><LI>Max Depth = 16<LI>Call Chain = vTaskStartScheduler &rArr; xPortStartScheduler
</UL>
<BR>[Calls]<UL><LI><a href="#[33]">&gt;&gt;</a>&nbsp;&nbsp;&nbsp;xPortStartScheduler
</UL>
<BR>[Called By]<UL><LI><a href="#[21]">&gt;&gt;</a>&nbsp;&nbsp;&nbsp;main
</UL>

<P><STRONG><a name="[29]"></a>vTaskSwitchContext</STRONG> (Thumb, 26 bytes, Stack size 0 bytes, task.o(i.vTaskSwitchContext))
<BR><BR>[Called By]<UL><LI><a href="#[8]">&gt;&gt;</a>&nbsp;&nbsp;&nbsp;PendSV_Handler
</UL>

<P><STRONG><a name="[33]"></a>xPortStartScheduler</STRONG> (Thumb, 32 bytes, Stack size 8 bytes, port.o(i.xPortStartScheduler))
<BR><BR>[Stack]<UL><LI>Max Depth = 8<LI>Call Chain = xPortStartScheduler
</UL>
<BR>[Calls]<UL><LI><a href="#[34]">&gt;&gt;</a>&nbsp;&nbsp;&nbsp;prvStartFirstTask
</UL>
<BR>[Called By]<UL><LI><a href="#[2f]">&gt;&gt;</a>&nbsp;&nbsp;&nbsp;vTaskStartScheduler
</UL>

<P><STRONG><a name="[2d]"></a>xTaskCreateStatic</STRONG> (Thumb, 54 bytes, Stack size 48 bytes, task.o(i.xTaskCreateStatic))
<BR><BR>[Stack]<UL><LI>Max Depth = 88<LI>Call Chain = xTaskCreateStatic &rArr; prvInitialiseNewTask
</UL>
<BR>[Calls]<UL><LI><a href="#[30]">&gt;&gt;</a>&nbsp;&nbsp;&nbsp;prvInitialiseNewTask
</UL>
<BR>[Called By]<UL><LI><a href="#[21]">&gt;&gt;</a>&nbsp;&nbsp;&nbsp;main
</UL>
<P>
<H3>
Local Symbols
</H3>
<P><STRONG><a name="[26]"></a>prvTaskExitError</STRONG> (Thumb, 4 bytes, Stack size 0 bytes, port.o(i.prvTaskExitError))
<BR>[Address Reference Count : 1]<UL><LI> port.o(i.pxPortInitialiseStack)
</UL>
<P><STRONG><a name="[30]"></a>prvInitialiseNewTask</STRONG> (Thumb, 88 bytes, Stack size 40 bytes, task.o(i.prvInitialiseNewTask))
<BR><BR>[Stack]<UL><LI>Max Depth = 40<LI>Call Chain = prvInitialiseNewTask
</UL>
<BR>[Calls]<UL><LI><a href="#[31]">&gt;&gt;</a>&nbsp;&nbsp;&nbsp;pxPortInitialiseStack
</UL>
<BR>[Called By]<UL><LI><a href="#[2d]">&gt;&gt;</a>&nbsp;&nbsp;&nbsp;xTaskCreateStatic
</UL>
<P>
<H3>
Undefined Global Symbols
</H3><HR></body></html>
