Component: ARM Compiler 5.06 update 6 (build 750) Tool: armlink [4d35ed]

==============================================================================

Section Cross References

    main.o(i.main) refers to list.o(i.vListInitialise) for vListInitialise
    main.o(i.main) refers to list.o(i.vListInitialiseItem) for vListInitialiseItem
    main.o(i.main) refers to list.o(i.vListInsert) for vListInsert
    main.o(i.main) refers to main.o(.bss) for List_Test
    startup_armcm3.o(STACK) refers (Special) to heapauxi.o(.text) for __use_two_region_memory
    startup_armcm3.o(HEAP) refers (Special) to heapauxi.o(.text) for __use_two_region_memory
    startup_armcm3.o(RESET) refers (Special) to heapauxi.o(.text) for __use_two_region_memory
    startup_armcm3.o(RESET) refers to startup_armcm3.o(STACK) for __initial_sp
    startup_armcm3.o(RESET) refers to startup_armcm3.o(.text) for Reset_Handler
    startup_armcm3.o(.text) refers (Special) to heapauxi.o(.text) for __use_two_region_memory
    startup_armcm3.o(.text) refers to system_armcm3.o(i.SystemInit) for SystemInit
    startup_armcm3.o(.text) refers to __main.o(!!!main) for __main
    system_armcm3.o(i.SystemCoreClockUpdate) refers to system_armcm3.o(.data) for SystemCoreClock
    system_armcm3.o(i.SystemInit) refers to startup_armcm3.o(RESET) for __Vectors
    system_armcm3.o(i.SystemInit) refers to system_armcm3.o(.data) for SystemCoreClock
    __main.o(!!!main) refers to __rtentry.o(.ARM.Collect$$rtentry$$00000000) for __rt_entry
    __rtentry.o(.ARM.Collect$$rtentry$$00000000) refers (Special) to __rtentry2.o(.ARM.Collect$$rtentry$$0000000A) for __rt_entry_li
    __rtentry.o(.ARM.Collect$$rtentry$$00000000) refers (Special) to __rtentry2.o(.ARM.Collect$$rtentry$$0000000D) for __rt_entry_main
    __rtentry.o(.ARM.Collect$$rtentry$$00000000) refers (Special) to __rtentry2.o(.ARM.Collect$$rtentry$$0000000C) for __rt_entry_postli_1
    __rtentry.o(.ARM.Collect$$rtentry$$00000000) refers (Special) to __rtentry2.o(.ARM.Collect$$rtentry$$00000009) for __rt_entry_postsh_1
    __rtentry.o(.ARM.Collect$$rtentry$$00000000) refers (Special) to __rtentry2.o(.ARM.Collect$$rtentry$$00000002) for __rt_entry_presh_1
    __rtentry.o(.ARM.Collect$$rtentry$$00000000) refers (Special) to __rtentry5.o(.ARM.Collect$$rtentry$$00000005) for __rt_entry_sh
    __rtentry2.o(.ARM.Collect$$rtentry$$00000008) refers to boardinit2.o(.text) for _platform_post_stackheap_init
    __rtentry2.o(.ARM.Collect$$rtentry$$0000000A) refers to libinit.o(.ARM.Collect$$libinit$$00000000) for __rt_lib_init
    __rtentry2.o(.ARM.Collect$$rtentry$$0000000B) refers to boardinit3.o(.text) for _platform_post_lib_init
    __rtentry2.o(.ARM.Collect$$rtentry$$0000000D) refers to main.o(i.main) for main
    __rtentry2.o(.ARM.Collect$$rtentry$$0000000D) refers to exit.o(.text) for exit
    __rtentry2.o(.ARM.exidx) refers to __rtentry2.o(.ARM.Collect$$rtentry$$00000001) for .ARM.Collect$$rtentry$$00000001
    __rtentry2.o(.ARM.exidx) refers to __rtentry2.o(.ARM.Collect$$rtentry$$00000008) for .ARM.Collect$$rtentry$$00000008
    __rtentry2.o(.ARM.exidx) refers to __rtentry2.o(.ARM.Collect$$rtentry$$0000000A) for .ARM.Collect$$rtentry$$0000000A
    __rtentry2.o(.ARM.exidx) refers to __rtentry2.o(.ARM.Collect$$rtentry$$0000000B) for .ARM.Collect$$rtentry$$0000000B
    __rtentry2.o(.ARM.exidx) refers to __rtentry2.o(.ARM.Collect$$rtentry$$0000000D) for .ARM.Collect$$rtentry$$0000000D
    __rtentry4.o(.ARM.Collect$$rtentry$$00000004) refers to sys_stackheap_outer.o(.text) for __user_setup_stackheap
    __rtentry4.o(.ARM.exidx) refers to __rtentry4.o(.ARM.Collect$$rtentry$$00000004) for .ARM.Collect$$rtentry$$00000004
    __rtentry5.o(.ARM.Collect$$rtentry$$00000005) refers to __rtentry5.o(.ARM.Collect$$rtentry$$00002716) for __lit__00000000
    __rtentry5.o(.ARM.Collect$$rtentry$$00002716) refers to startup_armcm3.o(STACK) for __initial_sp
    __rtentry5.o(__vectab_stack_and_reset_sym_area) refers to startup_armcm3.o(STACK) for __initial_sp
    __rtentry5.o(__vectab_stack_and_reset_sym_area) refers to __main.o(!!!main) for __main
    __rtentry5.o(.ARM.exidx) refers to __rtentry5.o(.ARM.Collect$$rtentry$$00000005) for .ARM.Collect$$rtentry$$00000005
    __rtentry5.o(.ARM.exidx) refers to __rtentry5.o(.ARM.Collect$$rtentry$$00002716) for .ARM.Collect$$rtentry$$00002716
    sys_stackheap_outer.o(.text) refers to libspace.o(.text) for __user_perproc_libspace
    sys_stackheap_outer.o(.text) refers to sys_stackheap.o(.text) for __user_initial_stackheap
    exit.o(.text) refers to rtexit.o(.ARM.Collect$$rtexit$$00000000) for __rt_exit
    libinit.o(.ARM.Collect$$libinit$$00000000) refers (Special) to libinit2.o(.ARM.Collect$$libinit$$0000002E) for __rt_lib_init_alloca_1
    libinit.o(.ARM.Collect$$libinit$$00000000) refers (Special) to libinit2.o(.ARM.Collect$$libinit$$0000002C) for __rt_lib_init_argv_1
    libinit.o(.ARM.Collect$$libinit$$00000000) refers (Special) to libinit2.o(.ARM.Collect$$libinit$$0000001B) for __rt_lib_init_atexit_1
    libinit.o(.ARM.Collect$$libinit$$00000000) refers (Special) to libinit2.o(.ARM.Collect$$libinit$$00000021) for __rt_lib_init_clock_1
    libinit.o(.ARM.Collect$$libinit$$00000000) refers (Special) to libinit2.o(.ARM.Collect$$libinit$$00000032) for __rt_lib_init_cpp_1
    libinit.o(.ARM.Collect$$libinit$$00000000) refers (Special) to libinit2.o(.ARM.Collect$$libinit$$00000030) for __rt_lib_init_exceptions_1
    libinit.o(.ARM.Collect$$libinit$$00000000) refers (Special) to libinit2.o(.ARM.Collect$$libinit$$00000002) for __rt_lib_init_fp_1
    libinit.o(.ARM.Collect$$libinit$$00000000) refers (Special) to libinit2.o(.ARM.Collect$$libinit$$0000001F) for __rt_lib_init_fp_trap_1
    libinit.o(.ARM.Collect$$libinit$$00000000) refers (Special) to libinit2.o(.ARM.Collect$$libinit$$00000023) for __rt_lib_init_getenv_1
    libinit.o(.ARM.Collect$$libinit$$00000000) refers (Special) to libinit2.o(.ARM.Collect$$libinit$$0000000A) for __rt_lib_init_heap_1
    libinit.o(.ARM.Collect$$libinit$$00000000) refers (Special) to libinit2.o(.ARM.Collect$$libinit$$00000011) for __rt_lib_init_lc_collate_1
    libinit.o(.ARM.Collect$$libinit$$00000000) refers (Special) to libinit2.o(.ARM.Collect$$libinit$$00000013) for __rt_lib_init_lc_ctype_1
    libinit.o(.ARM.Collect$$libinit$$00000000) refers (Special) to libinit2.o(.ARM.Collect$$libinit$$00000015) for __rt_lib_init_lc_monetary_1
    libinit.o(.ARM.Collect$$libinit$$00000000) refers (Special) to libinit2.o(.ARM.Collect$$libinit$$00000017) for __rt_lib_init_lc_numeric_1
    libinit.o(.ARM.Collect$$libinit$$00000000) refers (Special) to libinit2.o(.ARM.Collect$$libinit$$00000019) for __rt_lib_init_lc_time_1
    libinit.o(.ARM.Collect$$libinit$$00000000) refers (Special) to libinit2.o(.ARM.Collect$$libinit$$00000004) for __rt_lib_init_preinit_1
    libinit.o(.ARM.Collect$$libinit$$00000000) refers (Special) to libinit2.o(.ARM.Collect$$libinit$$0000000E) for __rt_lib_init_rand_1
    libinit.o(.ARM.Collect$$libinit$$00000000) refers (Special) to libinit2.o(.ARM.Collect$$libinit$$00000033) for __rt_lib_init_return
    libinit.o(.ARM.Collect$$libinit$$00000000) refers (Special) to libinit2.o(.ARM.Collect$$libinit$$0000001D) for __rt_lib_init_signal_1
    libinit.o(.ARM.Collect$$libinit$$00000000) refers (Special) to libinit2.o(.ARM.Collect$$libinit$$00000025) for __rt_lib_init_stdio_1
    libinit.o(.ARM.Collect$$libinit$$00000000) refers (Special) to libinit2.o(.ARM.Collect$$libinit$$0000000C) for __rt_lib_init_user_alloc_1
    libspace.o(.text) refers to libspace.o(.bss) for __libspace_start
    sys_stackheap.o(.text) refers (Special) to indicate_semi.o(.text) for __semihosting_library_function
    sys_stackheap.o(.text) refers to use_no_semi.o(.text) for __I$use$semihosting
    rtexit.o(.ARM.Collect$$rtexit$$00000000) refers (Special) to rtexit2.o(.ARM.Collect$$rtexit$$00000004) for __rt_exit_exit
    rtexit.o(.ARM.Collect$$rtexit$$00000000) refers (Special) to rtexit2.o(.ARM.Collect$$rtexit$$00000003) for __rt_exit_ls
    rtexit.o(.ARM.Collect$$rtexit$$00000000) refers (Special) to rtexit2.o(.ARM.Collect$$rtexit$$00000002) for __rt_exit_prels_1
    rtexit.o(.ARM.exidx) refers (Special) to rtexit2.o(.ARM.Collect$$rtexit$$00000004) for __rt_exit_exit
    rtexit.o(.ARM.exidx) refers (Special) to rtexit2.o(.ARM.Collect$$rtexit$$00000003) for __rt_exit_ls
    rtexit.o(.ARM.exidx) refers (Special) to rtexit2.o(.ARM.Collect$$rtexit$$00000002) for __rt_exit_prels_1
    rtexit.o(.ARM.exidx) refers to rtexit.o(.ARM.Collect$$rtexit$$00000000) for .ARM.Collect$$rtexit$$00000000
    libinit2.o(.ARM.Collect$$libinit$$00000010) refers to libinit2.o(.ARM.Collect$$libinit$$0000000F) for .ARM.Collect$$libinit$$0000000F
    libinit2.o(.ARM.Collect$$libinit$$00000012) refers to libinit2.o(.ARM.Collect$$libinit$$0000000F) for .ARM.Collect$$libinit$$0000000F
    libinit2.o(.ARM.Collect$$libinit$$00000014) refers to libinit2.o(.ARM.Collect$$libinit$$0000000F) for .ARM.Collect$$libinit$$0000000F
    libinit2.o(.ARM.Collect$$libinit$$00000016) refers to libinit2.o(.ARM.Collect$$libinit$$0000000F) for .ARM.Collect$$libinit$$0000000F
    libinit2.o(.ARM.Collect$$libinit$$00000018) refers to libinit2.o(.ARM.Collect$$libinit$$0000000F) for .ARM.Collect$$libinit$$0000000F
    libinit2.o(.ARM.Collect$$libinit$$00000026) refers to argv_veneer.o(.emb_text) for __ARM_argv_veneer
    libinit2.o(.ARM.Collect$$libinit$$00000027) refers to argv_veneer.o(.emb_text) for __ARM_argv_veneer
    libinit3.o(.ARM.Collect$$libinit$$00000006) refers to libinit3.o(.ARM.Collect$$libinit$$00002717) for __lit__00000000
    libinit3.o(.ARM.Collect$$libinit$$00002717) refers to startup_armcm3.o(HEAP) for __heap_base
    libinit3.o(.ARM.Collect$$libinit$$00000028) refers to libinit3.o(.ARM.Collect$$libinit$$00002739) for __lit__00000002
    libinit3.o(.ARM.Collect$$libinit$$00000028) refers to argv_veneer.o(.emb_text) for __ARM_argv_veneer
    libinit3.o(.ARM.Collect$$libinit$$00002739) refers to startup_armcm3.o(HEAP) for __heap_base
    rtexit2.o(.ARM.Collect$$rtexit$$00000003) refers to libshutdown.o(.ARM.Collect$$libshutdown$$00000000) for __rt_lib_shutdown
    rtexit2.o(.ARM.Collect$$rtexit$$00000004) refers to sys_exit.o(.text) for _sys_exit
    rtexit2.o(.ARM.exidx) refers to rtexit2.o(.ARM.Collect$$rtexit$$00000001) for .ARM.Collect$$rtexit$$00000001
    rtexit2.o(.ARM.exidx) refers to rtexit2.o(.ARM.Collect$$rtexit$$00000003) for .ARM.Collect$$rtexit$$00000003
    rtexit2.o(.ARM.exidx) refers to rtexit2.o(.ARM.Collect$$rtexit$$00000004) for .ARM.Collect$$rtexit$$00000004
    argv_veneer.o(.emb_text) refers to no_argv.o(.text) for __ARM_get_argv
    sys_exit.o(.text) refers (Special) to use_no_semi.o(.text) for __I$use$semihosting
    sys_exit.o(.text) refers (Special) to indicate_semi.o(.text) for __semihosting_library_function
    _get_argv_nomalloc.o(.text) refers (Special) to hrguard.o(.text) for __heap_region$guard
    _get_argv_nomalloc.o(.text) refers to defsig_rtmem_outer.o(.text) for __rt_SIGRTMEM
    _get_argv_nomalloc.o(.text) refers to sys_command.o(.text) for _sys_command_string
    libshutdown.o(.ARM.Collect$$libshutdown$$00000000) refers (Special) to libshutdown2.o(.ARM.Collect$$libshutdown$$00000002) for __rt_lib_shutdown_cpp_1
    libshutdown.o(.ARM.Collect$$libshutdown$$00000000) refers (Special) to libshutdown2.o(.ARM.Collect$$libshutdown$$00000007) for __rt_lib_shutdown_fp_trap_1
    libshutdown.o(.ARM.Collect$$libshutdown$$00000000) refers (Special) to libshutdown2.o(.ARM.Collect$$libshutdown$$0000000F) for __rt_lib_shutdown_heap_1
    libshutdown.o(.ARM.Collect$$libshutdown$$00000000) refers (Special) to libshutdown2.o(.ARM.Collect$$libshutdown$$00000010) for __rt_lib_shutdown_return
    libshutdown.o(.ARM.Collect$$libshutdown$$00000000) refers (Special) to libshutdown2.o(.ARM.Collect$$libshutdown$$0000000A) for __rt_lib_shutdown_signal_1
    libshutdown.o(.ARM.Collect$$libshutdown$$00000000) refers (Special) to libshutdown2.o(.ARM.Collect$$libshutdown$$00000004) for __rt_lib_shutdown_stdio_1
    libshutdown.o(.ARM.Collect$$libshutdown$$00000000) refers (Special) to libshutdown2.o(.ARM.Collect$$libshutdown$$0000000C) for __rt_lib_shutdown_user_alloc_1
    sys_command.o(.text) refers (Special) to use_no_semi.o(.text) for __I$use$semihosting
    sys_command.o(.text) refers (Special) to indicate_semi.o(.text) for __semihosting_library_function
    defsig_rtmem_outer.o(.text) refers to defsig_rtmem_inner.o(.text) for __rt_SIGRTMEM_inner
    defsig_rtmem_outer.o(.text) refers to defsig_exit.o(.text) for __sig_exit
    defsig_rtmem_formal.o(.text) refers to rt_raise.o(.text) for __rt_raise
    rt_raise.o(.text) refers to __raise.o(.text) for __raise
    rt_raise.o(.text) refers to sys_exit.o(.text) for _sys_exit
    defsig_exit.o(.text) refers to sys_exit.o(.text) for _sys_exit
    defsig_rtmem_inner.o(.text) refers to defsig_general.o(.text) for __default_signal_display
    __raise.o(.text) refers to defsig.o(CL$$defsig) for __default_signal_handler
    defsig_general.o(.text) refers to sys_wrch.o(.text) for _ttywrch
    sys_wrch.o(.text) refers (Special) to use_no_semi.o(.text) for __I$use$semihosting
    sys_wrch.o(.text) refers (Special) to indicate_semi.o(.text) for __semihosting_library_function
    defsig.o(CL$$defsig) refers to defsig_rtmem_inner.o(.text) for __rt_SIGRTMEM_inner
    defsig_abrt_inner.o(.text) refers to defsig_general.o(.text) for __default_signal_display
    defsig_fpe_inner.o(.text) refers to defsig_general.o(.text) for __default_signal_display
    defsig_rtred_inner.o(.text) refers to defsig_general.o(.text) for __default_signal_display
    defsig_stak_inner.o(.text) refers to defsig_general.o(.text) for __default_signal_display
    defsig_pvfn_inner.o(.text) refers to defsig_general.o(.text) for __default_signal_display
    defsig_cppl_inner.o(.text) refers to defsig_general.o(.text) for __default_signal_display
    defsig_segv_inner.o(.text) refers to defsig_general.o(.text) for __default_signal_display
    defsig_other.o(.text) refers to defsig_general.o(.text) for __default_signal_display


==============================================================================

Removing Unused input sections from the image.

    Removing list.o(i.uxListRemove), (40 bytes).
    Removing list.o(i.vListInsertEnd), (24 bytes).
    Removing startup_armcm3.o(HEAP), (3072 bytes).
    Removing system_armcm3.o(.rev16_text), (4 bytes).
    Removing system_armcm3.o(.revsh_text), (4 bytes).
    Removing system_armcm3.o(.rrx_text), (6 bytes).
    Removing system_armcm3.o(i.SystemCoreClockUpdate), (16 bytes).

7 unused section(s) (total 3166 bytes) removed from the image.

==============================================================================

Image Symbol Table

    Local Symbols

    Symbol Name                              Value     Ov Type        Size  Object(Section)

    RESET                                    0x00000000   Section      960  startup_armcm3.o(RESET)
    ../clib/angel/boardlib.s                 0x00000000   Number         0  boardinit3.o ABSOLUTE
    ../clib/angel/boardlib.s                 0x00000000   Number         0  boardinit2.o ABSOLUTE
    ../clib/angel/boardlib.s                 0x00000000   Number         0  boardinit1.o ABSOLUTE
    ../clib/angel/boardlib.s                 0x00000000   Number         0  boardshut.o ABSOLUTE
    ../clib/angel/handlers.s                 0x00000000   Number         0  __scatter_zi.o ABSOLUTE
    ../clib/angel/handlers.s                 0x00000000   Number         0  __scatter_copy.o ABSOLUTE
    ../clib/angel/kernel.s                   0x00000000   Number         0  __rtentry4.o ABSOLUTE
    ../clib/angel/kernel.s                   0x00000000   Number         0  rtexit.o ABSOLUTE
    ../clib/angel/kernel.s                   0x00000000   Number         0  rtexit2.o ABSOLUTE
    ../clib/angel/kernel.s                   0x00000000   Number         0  __rtentry.o ABSOLUTE
    ../clib/angel/kernel.s                   0x00000000   Number         0  __rtentry2.o ABSOLUTE
    ../clib/angel/kernel.s                   0x00000000   Number         0  __rtentry5.o ABSOLUTE
    ../clib/angel/rt.s                       0x00000000   Number         0  rt_raise.o ABSOLUTE
    ../clib/angel/scatter.s                  0x00000000   Number         0  __scatter.o ABSOLUTE
    ../clib/angel/startup.s                  0x00000000   Number         0  __main.o ABSOLUTE
    ../clib/angel/sys.s                      0x00000000   Number         0  indicate_semi.o ABSOLUTE
    ../clib/angel/sys.s                      0x00000000   Number         0  use_no_semi.o ABSOLUTE
    ../clib/angel/sys.s                      0x00000000   Number         0  sys_stackheap.o ABSOLUTE
    ../clib/angel/sys.s                      0x00000000   Number         0  libspace.o ABSOLUTE
    ../clib/angel/sys.s                      0x00000000   Number         0  sys_stackheap_outer.o ABSOLUTE
    ../clib/angel/sysapp.c                   0x00000000   Number         0  sys_wrch.o ABSOLUTE
    ../clib/angel/sysapp.c                   0x00000000   Number         0  sys_command.o ABSOLUTE
    ../clib/angel/sysapp.c                   0x00000000   Number         0  sys_exit.o ABSOLUTE
    ../clib/armsys.c                         0x00000000   Number         0  argv_veneer.o ABSOLUTE
    ../clib/armsys.c                         0x00000000   Number         0  argv_veneer.o ABSOLUTE
    ../clib/armsys.c                         0x00000000   Number         0  no_argv.o ABSOLUTE
    ../clib/armsys.c                         0x00000000   Number         0  _get_argv_nomalloc.o ABSOLUTE
    ../clib/heapalloc.c                      0x00000000   Number         0  hrguard.o ABSOLUTE
    ../clib/heapaux.c                        0x00000000   Number         0  heapauxi.o ABSOLUTE
    ../clib/libinit.s                        0x00000000   Number         0  libshutdown.o ABSOLUTE
    ../clib/libinit.s                        0x00000000   Number         0  libshutdown2.o ABSOLUTE
    ../clib/libinit.s                        0x00000000   Number         0  libinit.o ABSOLUTE
    ../clib/libinit.s                        0x00000000   Number         0  libinit3.o ABSOLUTE
    ../clib/libinit.s                        0x00000000   Number         0  libinit2.o ABSOLUTE
    ../clib/signal.c                         0x00000000   Number         0  defsig_rtmem_formal.o ABSOLUTE
    ../clib/signal.c                         0x00000000   Number         0  defsig_stak_inner.o ABSOLUTE
    ../clib/signal.c                         0x00000000   Number         0  defsig_pvfn_inner.o ABSOLUTE
    ../clib/signal.c                         0x00000000   Number         0  defsig_cppl_inner.o ABSOLUTE
    ../clib/signal.c                         0x00000000   Number         0  __raise.o ABSOLUTE
    ../clib/signal.c                         0x00000000   Number         0  defsig_segv_inner.o ABSOLUTE
    ../clib/signal.c                         0x00000000   Number         0  defsig_other.o ABSOLUTE
    ../clib/signal.c                         0x00000000   Number         0  defsig_rtmem_inner.o ABSOLUTE
    ../clib/signal.c                         0x00000000   Number         0  defsig_abrt_inner.o ABSOLUTE
    ../clib/signal.c                         0x00000000   Number         0  defsig_rtmem_outer.o ABSOLUTE
    ../clib/signal.c                         0x00000000   Number         0  defsig_exit.o ABSOLUTE
    ../clib/signal.c                         0x00000000   Number         0  defsig_fpe_inner.o ABSOLUTE
    ../clib/signal.c                         0x00000000   Number         0  defsig_general.o ABSOLUTE
    ../clib/signal.c                         0x00000000   Number         0  defsig_rtred_inner.o ABSOLUTE
    ../clib/signal.s                         0x00000000   Number         0  defsig.o ABSOLUTE
    ../clib/stdlib.c                         0x00000000   Number         0  exit.o ABSOLUTE
    ../fplib/fpinit.s                        0x00000000   Number         0  fpinit.o ABSOLUTE
    ..\FREERTOS\list.c                       0x00000000   Number         0  list.o ABSOLUTE
    ..\USER\src\main.c                       0x00000000   Number         0  main.o ABSOLUTE
    RTE\Device\ARMCM3\startup_ARMCM3.s       0x00000000   Number         0  startup_armcm3.o ABSOLUTE
    RTE\Device\ARMCM3\system_ARMCM3.c        0x00000000   Number         0  system_armcm3.o ABSOLUTE
    RTE\\Device\\ARMCM3\\system_ARMCM3.c     0x00000000   Number         0  system_armcm3.o ABSOLUTE
    dc.s                                     0x00000000   Number         0  dc.o ABSOLUTE
    !!!main                                  0x000003c0   Section        8  __main.o(!!!main)
    !!!scatter                               0x000003c8   Section       52  __scatter.o(!!!scatter)
    !!handler_copy                           0x000003fc   Section       26  __scatter_copy.o(!!handler_copy)
    !!handler_zi                             0x00000418   Section       28  __scatter_zi.o(!!handler_zi)
    .ARM.Collect$$libinit$$00000000          0x00000434   Section        2  libinit.o(.ARM.Collect$$libinit$$00000000)
    .ARM.Collect$$libinit$$00000002          0x00000436   Section        0  libinit2.o(.ARM.Collect$$libinit$$00000002)
    .ARM.Collect$$libinit$$00000004          0x00000436   Section        0  libinit2.o(.ARM.Collect$$libinit$$00000004)
    .ARM.Collect$$libinit$$0000000A          0x00000436   Section        0  libinit2.o(.ARM.Collect$$libinit$$0000000A)
    .ARM.Collect$$libinit$$0000000C          0x00000436   Section        0  libinit2.o(.ARM.Collect$$libinit$$0000000C)
    .ARM.Collect$$libinit$$0000000E          0x00000436   Section        0  libinit2.o(.ARM.Collect$$libinit$$0000000E)
    .ARM.Collect$$libinit$$00000011          0x00000436   Section        0  libinit2.o(.ARM.Collect$$libinit$$00000011)
    .ARM.Collect$$libinit$$00000013          0x00000436   Section        0  libinit2.o(.ARM.Collect$$libinit$$00000013)
    .ARM.Collect$$libinit$$00000015          0x00000436   Section        0  libinit2.o(.ARM.Collect$$libinit$$00000015)
    .ARM.Collect$$libinit$$00000017          0x00000436   Section        0  libinit2.o(.ARM.Collect$$libinit$$00000017)
    .ARM.Collect$$libinit$$00000019          0x00000436   Section        0  libinit2.o(.ARM.Collect$$libinit$$00000019)
    .ARM.Collect$$libinit$$0000001B          0x00000436   Section        0  libinit2.o(.ARM.Collect$$libinit$$0000001B)
    .ARM.Collect$$libinit$$0000001D          0x00000436   Section        0  libinit2.o(.ARM.Collect$$libinit$$0000001D)
    .ARM.Collect$$libinit$$0000001F          0x00000436   Section        0  libinit2.o(.ARM.Collect$$libinit$$0000001F)
    .ARM.Collect$$libinit$$00000021          0x00000436   Section        0  libinit2.o(.ARM.Collect$$libinit$$00000021)
    .ARM.Collect$$libinit$$00000023          0x00000436   Section        0  libinit2.o(.ARM.Collect$$libinit$$00000023)
    .ARM.Collect$$libinit$$00000025          0x00000436   Section        0  libinit2.o(.ARM.Collect$$libinit$$00000025)
    .ARM.Collect$$libinit$$0000002C          0x00000436   Section        0  libinit2.o(.ARM.Collect$$libinit$$0000002C)
    .ARM.Collect$$libinit$$0000002E          0x00000436   Section        0  libinit2.o(.ARM.Collect$$libinit$$0000002E)
    .ARM.Collect$$libinit$$00000030          0x00000436   Section        0  libinit2.o(.ARM.Collect$$libinit$$00000030)
    .ARM.Collect$$libinit$$00000032          0x00000436   Section        0  libinit2.o(.ARM.Collect$$libinit$$00000032)
    .ARM.Collect$$libinit$$00000033          0x00000436   Section        2  libinit2.o(.ARM.Collect$$libinit$$00000033)
    .ARM.Collect$$libshutdown$$00000000      0x00000438   Section        2  libshutdown.o(.ARM.Collect$$libshutdown$$00000000)
    .ARM.Collect$$libshutdown$$00000002      0x0000043a   Section        0  libshutdown2.o(.ARM.Collect$$libshutdown$$00000002)
    .ARM.Collect$$libshutdown$$00000004      0x0000043a   Section        0  libshutdown2.o(.ARM.Collect$$libshutdown$$00000004)
    .ARM.Collect$$libshutdown$$00000007      0x0000043a   Section        0  libshutdown2.o(.ARM.Collect$$libshutdown$$00000007)
    .ARM.Collect$$libshutdown$$0000000A      0x0000043a   Section        0  libshutdown2.o(.ARM.Collect$$libshutdown$$0000000A)
    .ARM.Collect$$libshutdown$$0000000C      0x0000043a   Section        0  libshutdown2.o(.ARM.Collect$$libshutdown$$0000000C)
    .ARM.Collect$$libshutdown$$0000000F      0x0000043a   Section        0  libshutdown2.o(.ARM.Collect$$libshutdown$$0000000F)
    .ARM.Collect$$libshutdown$$00000010      0x0000043a   Section        2  libshutdown2.o(.ARM.Collect$$libshutdown$$00000010)
    .ARM.Collect$$rtentry$$00000000          0x0000043c   Section        0  __rtentry.o(.ARM.Collect$$rtentry$$00000000)
    .ARM.Collect$$rtentry$$00000002          0x0000043c   Section        0  __rtentry2.o(.ARM.Collect$$rtentry$$00000002)
    .ARM.Collect$$rtentry$$00000005          0x0000043c   Section        4  __rtentry5.o(.ARM.Collect$$rtentry$$00000005)
    .ARM.Collect$$rtentry$$00000009          0x00000440   Section        0  __rtentry2.o(.ARM.Collect$$rtentry$$00000009)
    .ARM.Collect$$rtentry$$0000000A          0x00000440   Section        4  __rtentry2.o(.ARM.Collect$$rtentry$$0000000A)
    .ARM.Collect$$rtentry$$0000000C          0x00000444   Section        0  __rtentry2.o(.ARM.Collect$$rtentry$$0000000C)
    .ARM.Collect$$rtentry$$0000000D          0x00000444   Section        8  __rtentry2.o(.ARM.Collect$$rtentry$$0000000D)
    .ARM.Collect$$rtentry$$00002716          0x0000044c   Section        4  __rtentry5.o(.ARM.Collect$$rtentry$$00002716)
    __lit__00000000                          0x0000044c   Data           4  __rtentry5.o(.ARM.Collect$$rtentry$$00002716)
    .ARM.Collect$$rtexit$$00000000           0x00000450   Section        2  rtexit.o(.ARM.Collect$$rtexit$$00000000)
    .ARM.Collect$$rtexit$$00000002           0x00000452   Section        0  rtexit2.o(.ARM.Collect$$rtexit$$00000002)
    .ARM.Collect$$rtexit$$00000003           0x00000452   Section        4  rtexit2.o(.ARM.Collect$$rtexit$$00000003)
    .ARM.Collect$$rtexit$$00000004           0x00000456   Section        6  rtexit2.o(.ARM.Collect$$rtexit$$00000004)
    .text                                    0x0000045c   Section       56  startup_armcm3.o(.text)
    .text                                    0x00000494   Section        0  heapauxi.o(.text)
    .text                                    0x0000049a   Section        0  exit.o(.text)
    .text                                    0x000004ac   Section        2  use_no_semi.o(.text)
    .text                                    0x000004ae   Section        0  indicate_semi.o(.text)
    .text                                    0x000004b0   Section        0  sys_exit.o(.text)
    i.SystemInit                             0x000004bc   Section        0  system_armcm3.o(i.SystemInit)
    i.main                                   0x000004dc   Section        0  main.o(i.main)
    i.vListInitialise                        0x00000534   Section        0  list.o(i.vListInitialise)
    i.vListInitialiseItem                    0x0000054e   Section        0  list.o(i.vListInitialiseItem)
    i.vListInsert                            0x00000554   Section        0  list.o(i.vListInsert)
    .data                                    0x20000000   Section        4  system_armcm3.o(.data)
    .bss                                     0x20000004   Section       80  main.o(.bss)
    STACK                                    0x20000058   Section     1024  startup_armcm3.o(STACK)

    Global Symbols

    Symbol Name                              Value     Ov Type        Size  Object(Section)

    BuildAttributes$$THM_ISAv4$P$D$K$B$S$PE$A:L22UL41UL21$X:L11$S22US41US21$IEEE1$IW$USESV6$~STKCKD$USESV7$~SHL$OSPACE$ROPI$EBA8$UX$STANDARDLIB$REQ8$PRES8$EABIv2 0x00000000   Number         0  anon$$obj.o ABSOLUTE
    __ARM_use_no_argv                        0x00000000   Number         0  main.o ABSOLUTE
    __Vectors                                0x00000000   Data           4  startup_armcm3.o(RESET)
    Image$$ZI$$Limit                          - Undefined Weak Reference
    __ARM_exceptions_init                     - Undefined Weak Reference
    __alloca_initialize                       - Undefined Weak Reference
    __arm_preinit_                            - Undefined Weak Reference
    __cpp_initialize__aeabi_                  - Undefined Weak Reference
    __cxa_finalize                            - Undefined Weak Reference
    __rt_locale                               - Undefined Weak Reference
    __sigvec_lookup                           - Undefined Weak Reference
    _atexit_init                              - Undefined Weak Reference
    _call_atexit_fns                          - Undefined Weak Reference
    _clock_init                               - Undefined Weak Reference
    _fp_trap_init                             - Undefined Weak Reference
    _fp_trap_shutdown                         - Undefined Weak Reference
    _get_lc_collate                           - Undefined Weak Reference
    _get_lc_ctype                             - Undefined Weak Reference
    _get_lc_monetary                          - Undefined Weak Reference
    _get_lc_numeric                           - Undefined Weak Reference
    _get_lc_time                              - Undefined Weak Reference
    _getenv_init                              - Undefined Weak Reference
    _handle_redirection                       - Undefined Weak Reference
    _init_alloc                               - Undefined Weak Reference
    _init_user_alloc                          - Undefined Weak Reference
    _initio                                   - Undefined Weak Reference
    _rand_init                                - Undefined Weak Reference
    _signal_finish                            - Undefined Weak Reference
    _signal_init                              - Undefined Weak Reference
    _terminate_alloc                          - Undefined Weak Reference
    _terminate_user_alloc                     - Undefined Weak Reference
    _terminateio                              - Undefined Weak Reference
    __Vectors_End                            0x000003c0   Data           0  startup_armcm3.o(RESET)
    __Vectors_Size                           0x000003c0   Number         0  startup_armcm3.o ABSOLUTE
    __main                                   0x000003c1   Thumb Code     8  __main.o(!!!main)
    __scatterload                            0x000003c9   Thumb Code     0  __scatter.o(!!!scatter)
    __scatterload_rt2                        0x000003c9   Thumb Code    44  __scatter.o(!!!scatter)
    __scatterload_rt2_thumb_only             0x000003c9   Thumb Code     0  __scatter.o(!!!scatter)
    __scatterload_null                       0x000003d7   Thumb Code     0  __scatter.o(!!!scatter)
    __scatterload_copy                       0x000003fd   Thumb Code    26  __scatter_copy.o(!!handler_copy)
    __scatterload_zeroinit                   0x00000419   Thumb Code    28  __scatter_zi.o(!!handler_zi)
    __rt_lib_init                            0x00000435   Thumb Code     0  libinit.o(.ARM.Collect$$libinit$$00000000)
    __rt_lib_init_alloca_1                   0x00000437   Thumb Code     0  libinit2.o(.ARM.Collect$$libinit$$0000002E)
    __rt_lib_init_argv_1                     0x00000437   Thumb Code     0  libinit2.o(.ARM.Collect$$libinit$$0000002C)
    __rt_lib_init_atexit_1                   0x00000437   Thumb Code     0  libinit2.o(.ARM.Collect$$libinit$$0000001B)
    __rt_lib_init_clock_1                    0x00000437   Thumb Code     0  libinit2.o(.ARM.Collect$$libinit$$00000021)
    __rt_lib_init_cpp_1                      0x00000437   Thumb Code     0  libinit2.o(.ARM.Collect$$libinit$$00000032)
    __rt_lib_init_exceptions_1               0x00000437   Thumb Code     0  libinit2.o(.ARM.Collect$$libinit$$00000030)
    __rt_lib_init_fp_1                       0x00000437   Thumb Code     0  libinit2.o(.ARM.Collect$$libinit$$00000002)
    __rt_lib_init_fp_trap_1                  0x00000437   Thumb Code     0  libinit2.o(.ARM.Collect$$libinit$$0000001F)
    __rt_lib_init_getenv_1                   0x00000437   Thumb Code     0  libinit2.o(.ARM.Collect$$libinit$$00000023)
    __rt_lib_init_heap_1                     0x00000437   Thumb Code     0  libinit2.o(.ARM.Collect$$libinit$$0000000A)
    __rt_lib_init_lc_collate_1               0x00000437   Thumb Code     0  libinit2.o(.ARM.Collect$$libinit$$00000011)
    __rt_lib_init_lc_ctype_1                 0x00000437   Thumb Code     0  libinit2.o(.ARM.Collect$$libinit$$00000013)
    __rt_lib_init_lc_monetary_1              0x00000437   Thumb Code     0  libinit2.o(.ARM.Collect$$libinit$$00000015)
    __rt_lib_init_lc_numeric_1               0x00000437   Thumb Code     0  libinit2.o(.ARM.Collect$$libinit$$00000017)
    __rt_lib_init_lc_time_1                  0x00000437   Thumb Code     0  libinit2.o(.ARM.Collect$$libinit$$00000019)
    __rt_lib_init_preinit_1                  0x00000437   Thumb Code     0  libinit2.o(.ARM.Collect$$libinit$$00000004)
    __rt_lib_init_rand_1                     0x00000437   Thumb Code     0  libinit2.o(.ARM.Collect$$libinit$$0000000E)
    __rt_lib_init_return                     0x00000437   Thumb Code     0  libinit2.o(.ARM.Collect$$libinit$$00000033)
    __rt_lib_init_signal_1                   0x00000437   Thumb Code     0  libinit2.o(.ARM.Collect$$libinit$$0000001D)
    __rt_lib_init_stdio_1                    0x00000437   Thumb Code     0  libinit2.o(.ARM.Collect$$libinit$$00000025)
    __rt_lib_init_user_alloc_1               0x00000437   Thumb Code     0  libinit2.o(.ARM.Collect$$libinit$$0000000C)
    __rt_lib_shutdown                        0x00000439   Thumb Code     0  libshutdown.o(.ARM.Collect$$libshutdown$$00000000)
    __rt_lib_shutdown_cpp_1                  0x0000043b   Thumb Code     0  libshutdown2.o(.ARM.Collect$$libshutdown$$00000002)
    __rt_lib_shutdown_fp_trap_1              0x0000043b   Thumb Code     0  libshutdown2.o(.ARM.Collect$$libshutdown$$00000007)
    __rt_lib_shutdown_heap_1                 0x0000043b   Thumb Code     0  libshutdown2.o(.ARM.Collect$$libshutdown$$0000000F)
    __rt_lib_shutdown_return                 0x0000043b   Thumb Code     0  libshutdown2.o(.ARM.Collect$$libshutdown$$00000010)
    __rt_lib_shutdown_signal_1               0x0000043b   Thumb Code     0  libshutdown2.o(.ARM.Collect$$libshutdown$$0000000A)
    __rt_lib_shutdown_stdio_1                0x0000043b   Thumb Code     0  libshutdown2.o(.ARM.Collect$$libshutdown$$00000004)
    __rt_lib_shutdown_user_alloc_1           0x0000043b   Thumb Code     0  libshutdown2.o(.ARM.Collect$$libshutdown$$0000000C)
    __rt_entry                               0x0000043d   Thumb Code     0  __rtentry.o(.ARM.Collect$$rtentry$$00000000)
    __rt_entry_presh_1                       0x0000043d   Thumb Code     0  __rtentry2.o(.ARM.Collect$$rtentry$$00000002)
    __rt_entry_sh                            0x0000043d   Thumb Code     0  __rtentry5.o(.ARM.Collect$$rtentry$$00000005)
    __rt_entry_li                            0x00000441   Thumb Code     0  __rtentry2.o(.ARM.Collect$$rtentry$$0000000A)
    __rt_entry_postsh_1                      0x00000441   Thumb Code     0  __rtentry2.o(.ARM.Collect$$rtentry$$00000009)
    __rt_entry_main                          0x00000445   Thumb Code     0  __rtentry2.o(.ARM.Collect$$rtentry$$0000000D)
    __rt_entry_postli_1                      0x00000445   Thumb Code     0  __rtentry2.o(.ARM.Collect$$rtentry$$0000000C)
    __rt_exit                                0x00000451   Thumb Code     0  rtexit.o(.ARM.Collect$$rtexit$$00000000)
    __rt_exit_ls                             0x00000453   Thumb Code     0  rtexit2.o(.ARM.Collect$$rtexit$$00000003)
    __rt_exit_prels_1                        0x00000453   Thumb Code     0  rtexit2.o(.ARM.Collect$$rtexit$$00000002)
    __rt_exit_exit                           0x00000457   Thumb Code     0  rtexit2.o(.ARM.Collect$$rtexit$$00000004)
    Reset_Handler                            0x0000045d   Thumb Code     8  startup_armcm3.o(.text)
    NMI_Handler                              0x00000465   Thumb Code     2  startup_armcm3.o(.text)
    HardFault_Handler                        0x00000467   Thumb Code     2  startup_armcm3.o(.text)
    MemManage_Handler                        0x00000469   Thumb Code     2  startup_armcm3.o(.text)
    BusFault_Handler                         0x0000046b   Thumb Code     2  startup_armcm3.o(.text)
    UsageFault_Handler                       0x0000046d   Thumb Code     2  startup_armcm3.o(.text)
    SVC_Handler                              0x0000046f   Thumb Code     2  startup_armcm3.o(.text)
    DebugMon_Handler                         0x00000471   Thumb Code     2  startup_armcm3.o(.text)
    PendSV_Handler                           0x00000473   Thumb Code     2  startup_armcm3.o(.text)
    SysTick_Handler                          0x00000475   Thumb Code     2  startup_armcm3.o(.text)
    Interrupt0_Handler                       0x00000477   Thumb Code     2  startup_armcm3.o(.text)
    Interrupt1_Handler                       0x00000479   Thumb Code     2  startup_armcm3.o(.text)
    Interrupt2_Handler                       0x0000047b   Thumb Code     2  startup_armcm3.o(.text)
    Interrupt3_Handler                       0x0000047d   Thumb Code     2  startup_armcm3.o(.text)
    Interrupt4_Handler                       0x0000047f   Thumb Code     2  startup_armcm3.o(.text)
    Interrupt5_Handler                       0x00000481   Thumb Code     2  startup_armcm3.o(.text)
    Interrupt6_Handler                       0x00000483   Thumb Code     2  startup_armcm3.o(.text)
    Interrupt7_Handler                       0x00000485   Thumb Code     2  startup_armcm3.o(.text)
    Interrupt8_Handler                       0x00000487   Thumb Code     2  startup_armcm3.o(.text)
    Interrupt9_Handler                       0x00000489   Thumb Code     2  startup_armcm3.o(.text)
    __use_two_region_memory                  0x00000495   Thumb Code     2  heapauxi.o(.text)
    __rt_heap_escrow$2region                 0x00000497   Thumb Code     2  heapauxi.o(.text)
    __rt_heap_expand$2region                 0x00000499   Thumb Code     2  heapauxi.o(.text)
    exit                                     0x0000049b   Thumb Code    18  exit.o(.text)
    __I$use$semihosting                      0x000004ad   Thumb Code     0  use_no_semi.o(.text)
    __use_no_semihosting_swi                 0x000004ad   Thumb Code     2  use_no_semi.o(.text)
    __semihosting_library_function           0x000004af   Thumb Code     0  indicate_semi.o(.text)
    _sys_exit                                0x000004b1   Thumb Code     8  sys_exit.o(.text)
    SystemInit                               0x000004bd   Thumb Code    14  system_armcm3.o(i.SystemInit)
    main                                     0x000004dd   Thumb Code    70  main.o(i.main)
    vListInitialise                          0x00000535   Thumb Code    26  list.o(i.vListInitialise)
    vListInitialiseItem                      0x0000054f   Thumb Code     6  list.o(i.vListInitialiseItem)
    vListInsert                              0x00000555   Thumb Code    52  list.o(i.vListInsert)
    Region$$Table$$Base                      0x00000588   Number         0  anon$$obj.o(Region$$Table)
    Region$$Table$$Limit                     0x000005a8   Number         0  anon$$obj.o(Region$$Table)
    SystemCoreClock                          0x20000000   Data           4  system_armcm3.o(.data)
    List_Test                                0x20000004   Data          20  main.o(.bss)
    List_Item1                               0x20000018   Data          20  main.o(.bss)
    List_Item2                               0x2000002c   Data          20  main.o(.bss)
    List_Item3                               0x20000040   Data          20  main.o(.bss)
    __stack_limit                            0x20000058   Data           0  startup_armcm3.o(STACK)
    __initial_sp                             0x20000458   Data           0  startup_armcm3.o(STACK)



==============================================================================

Memory Map of the image

  Image Entry point : 0x000003c1

  Load Region LR_IROM1 (Base: 0x00000000, Size: 0x000005ac, Max: 0x00040000, ABSOLUTE)

    Execution Region ER_IROM1 (Exec base: 0x00000000, Load base: 0x00000000, Size: 0x000005a8, Max: 0x00040000, ABSOLUTE)

    Exec Addr    Load Addr    Size         Type   Attr      Idx    E Section Name        Object

    0x00000000   0x00000000   0x000003c0   Data   RO           68    RESET               startup_armcm3.o
    0x000003c0   0x000003c0   0x00000008   Code   RO          134  * !!!main             c_w.l(__main.o)
    0x000003c8   0x000003c8   0x00000034   Code   RO          302    !!!scatter          c_w.l(__scatter.o)
    0x000003fc   0x000003fc   0x0000001a   Code   RO          304    !!handler_copy      c_w.l(__scatter_copy.o)
    0x00000416   0x00000416   0x00000002   PAD
    0x00000418   0x00000418   0x0000001c   Code   RO          306    !!handler_zi        c_w.l(__scatter_zi.o)
    0x00000434   0x00000434   0x00000002   Code   RO          166    .ARM.Collect$$libinit$$00000000  c_w.l(libinit.o)
    0x00000436   0x00000436   0x00000000   Code   RO          175    .ARM.Collect$$libinit$$00000002  c_w.l(libinit2.o)
    0x00000436   0x00000436   0x00000000   Code   RO          177    .ARM.Collect$$libinit$$00000004  c_w.l(libinit2.o)
    0x00000436   0x00000436   0x00000000   Code   RO          180    .ARM.Collect$$libinit$$0000000A  c_w.l(libinit2.o)
    0x00000436   0x00000436   0x00000000   Code   RO          182    .ARM.Collect$$libinit$$0000000C  c_w.l(libinit2.o)
    0x00000436   0x00000436   0x00000000   Code   RO          184    .ARM.Collect$$libinit$$0000000E  c_w.l(libinit2.o)
    0x00000436   0x00000436   0x00000000   Code   RO          187    .ARM.Collect$$libinit$$00000011  c_w.l(libinit2.o)
    0x00000436   0x00000436   0x00000000   Code   RO          189    .ARM.Collect$$libinit$$00000013  c_w.l(libinit2.o)
    0x00000436   0x00000436   0x00000000   Code   RO          191    .ARM.Collect$$libinit$$00000015  c_w.l(libinit2.o)
    0x00000436   0x00000436   0x00000000   Code   RO          193    .ARM.Collect$$libinit$$00000017  c_w.l(libinit2.o)
    0x00000436   0x00000436   0x00000000   Code   RO          195    .ARM.Collect$$libinit$$00000019  c_w.l(libinit2.o)
    0x00000436   0x00000436   0x00000000   Code   RO          197    .ARM.Collect$$libinit$$0000001B  c_w.l(libinit2.o)
    0x00000436   0x00000436   0x00000000   Code   RO          199    .ARM.Collect$$libinit$$0000001D  c_w.l(libinit2.o)
    0x00000436   0x00000436   0x00000000   Code   RO          201    .ARM.Collect$$libinit$$0000001F  c_w.l(libinit2.o)
    0x00000436   0x00000436   0x00000000   Code   RO          203    .ARM.Collect$$libinit$$00000021  c_w.l(libinit2.o)
    0x00000436   0x00000436   0x00000000   Code   RO          205    .ARM.Collect$$libinit$$00000023  c_w.l(libinit2.o)
    0x00000436   0x00000436   0x00000000   Code   RO          207    .ARM.Collect$$libinit$$00000025  c_w.l(libinit2.o)
    0x00000436   0x00000436   0x00000000   Code   RO          211    .ARM.Collect$$libinit$$0000002C  c_w.l(libinit2.o)
    0x00000436   0x00000436   0x00000000   Code   RO          213    .ARM.Collect$$libinit$$0000002E  c_w.l(libinit2.o)
    0x00000436   0x00000436   0x00000000   Code   RO          215    .ARM.Collect$$libinit$$00000030  c_w.l(libinit2.o)
    0x00000436   0x00000436   0x00000000   Code   RO          217    .ARM.Collect$$libinit$$00000032  c_w.l(libinit2.o)
    0x00000436   0x00000436   0x00000002   Code   RO          218    .ARM.Collect$$libinit$$00000033  c_w.l(libinit2.o)
    0x00000438   0x00000438   0x00000002   Code   RO          245    .ARM.Collect$$libshutdown$$00000000  c_w.l(libshutdown.o)
    0x0000043a   0x0000043a   0x00000000   Code   RO          255    .ARM.Collect$$libshutdown$$00000002  c_w.l(libshutdown2.o)
    0x0000043a   0x0000043a   0x00000000   Code   RO          257    .ARM.Collect$$libshutdown$$00000004  c_w.l(libshutdown2.o)
    0x0000043a   0x0000043a   0x00000000   Code   RO          260    .ARM.Collect$$libshutdown$$00000007  c_w.l(libshutdown2.o)
    0x0000043a   0x0000043a   0x00000000   Code   RO          263    .ARM.Collect$$libshutdown$$0000000A  c_w.l(libshutdown2.o)
    0x0000043a   0x0000043a   0x00000000   Code   RO          265    .ARM.Collect$$libshutdown$$0000000C  c_w.l(libshutdown2.o)
    0x0000043a   0x0000043a   0x00000000   Code   RO          268    .ARM.Collect$$libshutdown$$0000000F  c_w.l(libshutdown2.o)
    0x0000043a   0x0000043a   0x00000002   Code   RO          269    .ARM.Collect$$libshutdown$$00000010  c_w.l(libshutdown2.o)
    0x0000043c   0x0000043c   0x00000000   Code   RO          136    .ARM.Collect$$rtentry$$00000000  c_w.l(__rtentry.o)
    0x0000043c   0x0000043c   0x00000000   Code   RO          138    .ARM.Collect$$rtentry$$00000002  c_w.l(__rtentry2.o)
    0x0000043c   0x0000043c   0x00000004   Code   RO          152    .ARM.Collect$$rtentry$$00000005  c_w.l(__rtentry5.o)
    0x00000440   0x00000440   0x00000000   Code   RO          140    .ARM.Collect$$rtentry$$00000009  c_w.l(__rtentry2.o)
    0x00000440   0x00000440   0x00000004   Code   RO          141    .ARM.Collect$$rtentry$$0000000A  c_w.l(__rtentry2.o)
    0x00000444   0x00000444   0x00000000   Code   RO          143    .ARM.Collect$$rtentry$$0000000C  c_w.l(__rtentry2.o)
    0x00000444   0x00000444   0x00000008   Code   RO          144    .ARM.Collect$$rtentry$$0000000D  c_w.l(__rtentry2.o)
    0x0000044c   0x0000044c   0x00000004   Code   RO          153    .ARM.Collect$$rtentry$$00002716  c_w.l(__rtentry5.o)
    0x00000450   0x00000450   0x00000002   Code   RO          172    .ARM.Collect$$rtexit$$00000000  c_w.l(rtexit.o)
    0x00000452   0x00000452   0x00000000   Code   RO          227    .ARM.Collect$$rtexit$$00000002  c_w.l(rtexit2.o)
    0x00000452   0x00000452   0x00000004   Code   RO          228    .ARM.Collect$$rtexit$$00000003  c_w.l(rtexit2.o)
    0x00000456   0x00000456   0x00000006   Code   RO          229    .ARM.Collect$$rtexit$$00000004  c_w.l(rtexit2.o)
    0x0000045c   0x0000045c   0x00000038   Code   RO           69    .text               startup_armcm3.o
    0x00000494   0x00000494   0x00000006   Code   RO          132    .text               c_w.l(heapauxi.o)
    0x0000049a   0x0000049a   0x00000012   Code   RO          159    .text               c_w.l(exit.o)
    0x000004ac   0x000004ac   0x00000002   Code   RO          223    .text               c_w.l(use_no_semi.o)
    0x000004ae   0x000004ae   0x00000000   Code   RO          225    .text               c_w.l(indicate_semi.o)
    0x000004ae   0x000004ae   0x00000002   PAD
    0x000004b0   0x000004b0   0x0000000c   Code   RO          237    .text               c_w.l(sys_exit.o)
    0x000004bc   0x000004bc   0x00000020   Code   RO           78    i.SystemInit        system_armcm3.o
    0x000004dc   0x000004dc   0x00000058   Code   RO            1    i.main              main.o
    0x00000534   0x00000534   0x0000001a   Code   RO           31    i.vListInitialise   list.o
    0x0000054e   0x0000054e   0x00000006   Code   RO           32    i.vListInitialiseItem  list.o
    0x00000554   0x00000554   0x00000034   Code   RO           33    i.vListInsert       list.o
    0x00000588   0x00000588   0x00000020   Data   RO          300    Region$$Table       anon$$obj.o


    Execution Region RW_IRAM1 (Exec base: 0x20000000, Load base: 0x000005a8, Size: 0x00000458, Max: 0x00020000, ABSOLUTE)

    Exec Addr    Load Addr    Size         Type   Attr      Idx    E Section Name        Object

    0x20000000   0x000005a8   0x00000004   Data   RW           79    .data               system_armcm3.o
    0x20000004        -       0x00000050   Zero   RW            2    .bss                main.o
    0x20000054   0x000005ac   0x00000004   PAD
    0x20000058        -       0x00000400   Zero   RW           66    STACK               startup_armcm3.o


==============================================================================

Image component sizes


      Code (inc. data)   RO Data    RW Data    ZI Data      Debug   Object Name

        84          0          0          0          0       2046   list.o
        88         18          0          0         80       7808   main.o
        56         10        960          0       1024       1220   startup_armcm3.o
        32         18          0          4          0        731   system_armcm3.o

    ----------------------------------------------------------------------
       260         46        992          4       1108      11805   Object Totals
         0          0         32          0          0          0   (incl. Generated)
         0          0          0          0          4          0   (incl. Padding)

    ----------------------------------------------------------------------

      Code (inc. data)   RO Data    RW Data    ZI Data      Debug   Library Member Name

         8          0          0          0          0         68   __main.o
         0          0          0          0          0          0   __rtentry.o
        12          0          0          0          0          0   __rtentry2.o
         8          4          0          0          0          0   __rtentry5.o
        52          8          0          0          0          0   __scatter.o
        26          0          0          0          0          0   __scatter_copy.o
        28          0          0          0          0          0   __scatter_zi.o
        18          0          0          0          0         80   exit.o
         6          0          0          0          0        152   heapauxi.o
         0          0          0          0          0          0   indicate_semi.o
         2          0          0          0          0          0   libinit.o
         2          0          0          0          0          0   libinit2.o
         2          0          0          0          0          0   libshutdown.o
         2          0          0          0          0          0   libshutdown2.o
         2          0          0          0          0          0   rtexit.o
        10          0          0          0          0          0   rtexit2.o
        12          4          0          0          0         68   sys_exit.o
         2          0          0          0          0         68   use_no_semi.o

    ----------------------------------------------------------------------
       196         16          0          0          0        436   Library Totals
         4          0          0          0          0          0   (incl. Padding)

    ----------------------------------------------------------------------

      Code (inc. data)   RO Data    RW Data    ZI Data      Debug   Library Name

       192         16          0          0          0        436   c_w.l

    ----------------------------------------------------------------------
       196         16          0          0          0        436   Library Totals

    ----------------------------------------------------------------------

==============================================================================


      Code (inc. data)   RO Data    RW Data    ZI Data      Debug   

       456         62        992          4       1108      12081   Grand Totals
       456         62        992          4       1108      12081   ELF Image Totals
       456         62        992          4          0          0   ROM Totals

==============================================================================

    Total RO  Size (Code + RO Data)                 1448 (   1.41kB)
    Total RW  Size (RW Data + ZI Data)              1112 (   1.09kB)
    Total ROM Size (Code + RO Data + RW Data)       1452 (   1.42kB)

==============================================================================

